Archive member included to satisfy reference by file (symbol)

tonclib/lib\libtonc.a(tonc_input.o)
                              hello.o (key_poll)
tonclib/lib\libtonc.a(tonc_oam.o)
                              hello.o (oam_init)
tonclib/lib\libtonc.a(tte_init_se.o)
                              hello.o (tte_init_se)
tonclib/lib\libtonc.a(tte_main.o)
                              tonclib/lib\libtonc.a(tte_init_se.o) (tte_init_base)
tonclib/lib\libtonc.a(tonc_bios.o)
                              tonclib/lib\libtonc.a(tonc_input.o) (VBlankIntrWait)
tonclib/lib\libtonc.a(tonc_bios_ex.o)
                              tonclib/lib\libtonc.a(tte_main.o) (VBlankIntrDelay)
tonclib/lib\libtonc.a(tonc_memcpy.o)
                              hello.o (memcpy32)
tonclib/lib\libtonc.a(sys8.o)
                              tonclib/lib\libtonc.a(tte_init_se.o) (sys8Font)
tonclib/lib\libtonc.a(tonc_surface.o)
                              tonclib/lib\libtonc.a(tte_init_se.o) (srf_init)
tonclib/lib\libtonc.a(se_drawg.o)
                              tonclib/lib\libtonc.a(tte_init_se.o) (se_erase)
tonclib/lib\libtonc.a(tonc_sbmp16.o)
                              tonclib/lib\libtonc.a(se_drawg.o) (sbmp16_rect)
tonclib/lib\libtonc.a(tonc_memset.o)
                              tonclib/lib\libtonc.a(tonc_sbmp16.o) (memset16)
c:/devkitpro/devkitarm/bin/../lib/gcc/arm-none-eabi/4.9.2/thumb\libgcc.a(_divsi3.o)
                              tonclib/lib\libtonc.a(tte_main.o) (__aeabi_idiv)
c:/devkitpro/devkitarm/bin/../lib/gcc/arm-none-eabi/4.9.2/thumb\libgcc.a(_dvmd_tls.o)
                              c:/devkitpro/devkitarm/bin/../lib/gcc/arm-none-eabi/4.9.2/thumb\libgcc.a(_divsi3.o) (__aeabi_idiv0)
c:/devkitpro/devkitarm/bin/../lib/gcc/arm-none-eabi/4.9.2/../../../../arm-none-eabi/lib/thumb\libc.a(lib_a-ctype_.o)
                              tonclib/lib\libtonc.a(tte_main.o) (__ctype_ptr__)
c:/devkitpro/devkitarm/bin/../lib/gcc/arm-none-eabi/4.9.2/../../../../arm-none-eabi/lib/thumb\libc.a(lib_a-init.o)
                              c:/devkitpro/devkitarm/bin/../lib/gcc/arm-none-eabi/4.9.2/../../../../arm-none-eabi/lib/thumb/gba_crt0.o (__libc_init_array)
c:/devkitpro/devkitarm/bin/../lib/gcc/arm-none-eabi/4.9.2/../../../../arm-none-eabi/lib/thumb\libc.a(lib_a-memcpy.o)
                              hello.o (memcpy)
c:/devkitpro/devkitarm/bin/../lib/gcc/arm-none-eabi/4.9.2/../../../../arm-none-eabi/lib/thumb\libc.a(lib_a-memset.o)
                              tonclib/lib\libtonc.a(tte_main.o) (memset)
c:/devkitpro/devkitarm/bin/../lib/gcc/arm-none-eabi/4.9.2/../../../../arm-none-eabi/lib/thumb\libc.a(lib_a-rand.o)
                              hello.o (srand)
c:/devkitpro/devkitarm/bin/../lib/gcc/arm-none-eabi/4.9.2/../../../../arm-none-eabi/lib/thumb\libc.a(lib_a-sprintf.o)
                              hello.o (sprintf)
c:/devkitpro/devkitarm/bin/../lib/gcc/arm-none-eabi/4.9.2/../../../../arm-none-eabi/lib/thumb\libc.a(lib_a-strtol.o)
                              tonclib/lib\libtonc.a(tte_main.o) (strtol)
c:/devkitpro/devkitarm/bin/../lib/gcc/arm-none-eabi/4.9.2/../../../../arm-none-eabi/lib/thumb\libc.a(lib_a-svfprintf.o)
                              c:/devkitpro/devkitarm/bin/../lib/gcc/arm-none-eabi/4.9.2/../../../../arm-none-eabi/lib/thumb\libc.a(lib_a-sprintf.o) (_svfprintf_r)
c:/devkitpro/devkitarm/bin/../lib/gcc/arm-none-eabi/4.9.2/../../../../arm-none-eabi/lib/thumb\libc.a(lib_a-time.o)
                              hello.o (time)
c:/devkitpro/devkitarm/bin/../lib/gcc/arm-none-eabi/4.9.2/../../../../arm-none-eabi/lib/thumb\libc.a(lib_a-wcrtomb.o)
                              c:/devkitpro/devkitarm/bin/../lib/gcc/arm-none-eabi/4.9.2/../../../../arm-none-eabi/lib/thumb\libc.a(lib_a-svfprintf.o) (_wcrtomb_r)
c:/devkitpro/devkitarm/bin/../lib/gcc/arm-none-eabi/4.9.2/../../../../arm-none-eabi/lib/thumb\libc.a(lib_a-wcsrtombs.o)
                              c:/devkitpro/devkitarm/bin/../lib/gcc/arm-none-eabi/4.9.2/../../../../arm-none-eabi/lib/thumb\libc.a(lib_a-svfprintf.o) (_wcsrtombs_r)
c:/devkitpro/devkitarm/bin/../lib/gcc/arm-none-eabi/4.9.2/../../../../arm-none-eabi/lib/thumb\libc.a(lib_a-wctomb_r.o)
                              c:/devkitpro/devkitarm/bin/../lib/gcc/arm-none-eabi/4.9.2/../../../../arm-none-eabi/lib/thumb\libc.a(lib_a-wcrtomb.o) (__wctomb)
c:/devkitpro/devkitarm/bin/../lib/gcc/arm-none-eabi/4.9.2/../../../../arm-none-eabi/lib/thumb\libc.a(lib_a-dtoa.o)
                              c:/devkitpro/devkitarm/bin/../lib/gcc/arm-none-eabi/4.9.2/../../../../arm-none-eabi/lib/thumb\libc.a(lib_a-svfprintf.o) (_dtoa_r)
c:/devkitpro/devkitarm/bin/../lib/gcc/arm-none-eabi/4.9.2/../../../../arm-none-eabi/lib/thumb\libc.a(lib_a-freer.o)
                              c:/devkitpro/devkitarm/bin/../lib/gcc/arm-none-eabi/4.9.2/../../../../arm-none-eabi/lib/thumb\libc.a(lib_a-svfprintf.o) (_free_r)
c:/devkitpro/devkitarm/bin/../lib/gcc/arm-none-eabi/4.9.2/../../../../arm-none-eabi/lib/thumb\libc.a(lib_a-locale.o)
[...]
Memory Configuration

Name             Origin             Length             Attributes
rom              0x08000000         0x02000000
iwram            0x03000000         0x00008000
ewram            0x02000000         0x00040000
*default*        0x00000000         0xffffffff

Linker script and memory map

                0x08000000                __text_start = ORIGIN (rom)
                0x02040000                __eheap_end = (ORIGIN (ewram) + 0x40000)
                0x03000000                __iwram_start = ORIGIN (iwram)
                0x03008000                __iwram_top = (ORIGIN (iwram) + 0x8000)
                0x03007fa0                __sp_irq = (__iwram_top - 0x60)
                0x03007f00                __sp_usr = (__sp_irq - 0xa0)
                0x03007ff8                __irq_flags = 0x3007ff8
                0x08000000                . = __text_start

.init           0x08000000      0x21c
 *(.init)
 .init          0x08000000      0x210 c:/devkitpro/devkitarm/bin/../lib/gcc/arm-none-eabi/4.9.2/../../../../arm-none-eabi/lib/thumb/gba_crt0.o
                0x08000000                _start
                0x080000c4                __boot_method
                0x080000c5                __slave_number
                0x080000e0                start_vector
 .init          0x08000210        0x4 c:/devkitpro/devkitarm/bin/../lib/gcc/arm-none-eabi/4.9.2/thumb/crti.o
                0x08000210                _init
 .init          0x08000214        0x8 c:/devkitpro/devkitarm/bin/../lib/gcc/arm-none-eabi/4.9.2/thumb/crtn.o
                0x0800021c                . = ALIGN (0x4)

.plt            0x0800021c        0x0
 *(.plt)
                0x0800021c                . = ALIGN (0x4)

.text           0x08000220     0xe698
 *(EXCLUDE_FILE(*.iwram*) .text)
 .text          0x08000220        0x0 c:/devkitpro/devkitarm/bin/../lib/gcc/arm-none-eabi/4.9.2/../../../../arm-none-eabi/lib/thumb/gba_crt0.o
 .text          0x08000220        0x0 c:/devkitpro/devkitarm/bin/../lib/gcc/arm-none-eabi/4.9.2/thumb/crti.o
 .text          0x08000220       0xd4 c:/devkitpro/devkitarm/bin/../lib/gcc/arm-none-eabi/4.9.2/thumb/crtbegin.o
 .text          0x080002f4     0x1a74 hello.o
                0x080002f4                initialize
                0x08000578                gameBorders
                0x08000724                collisionDetect
                0x08001178                inputDetect
                0x080013b0                resetGameplay
                0x0800148c                collider
                0x08001510                damagebar
                0x080015a8                scorebar
                0x08001640                bestTry
                0x08001728                player
                0x080017ac                pickups
                0x0800180c                traffic
                0x08001898                weapons
                0x0800196c                bullets
                0x080019bc                explosions
                0x08001a18                objectsDisplay
 .text          0x08001d68        0x0 Background.o
 .text          0x08001d68        0x0 SpriteSheet.o
 .text          0x08001d68       0xac tonclib/lib\libtonc.a(tonc_input.o)
                0x08001d68                key_poll
                0x08001dc0                key_wait_till_hit
                0x08001de4                key_repeat
                0x08001df0                key_repeat_mask
                0x08001e00                key_repeat_limits
 .text          0x08001e14       0xcc tonclib/lib\libtonc.a(tonc_oam.o)
                0x08001e14                oam_init
                0x08001e60                obj_copy
                0x08001e8c                obj_hide_multi
                0x08001eb4                obj_unhide_multi
 .text          0x08001ee0      0x15c tonclib/lib\libtonc.a(tte_init_se.o)
                0x08001ee0                tte_init_se
 .text          0x0800203c      0x9e0 tonclib/lib\libtonc.a(tte_main.o)
                0x0800203c                dummy_drawg
                0x08002040                dummy_erase
                0x08002044                tte_set_context
                0x08002060                tte_set_color_attr
                0x08002070                tte_set_color_attrs
                0x0800208c                tte_set_color
                0x080020b0                tte_set_colors
                0x080020ec                tte_init_base
                0x08002180                utf8_decode_char
                0x08002230                tte_cmd_skip
                0x08002244                tte_cmd_next
                0x08002280                tte_putc
                0x080022d0                tte_erase_rect
                0x080022ec                tte_erase_screen
                0x08002310                tte_erase_line
                0x08002338                tte_cmd_default
                0x080027f4                tte_write
                0x080028e0                tte_write_ex
                0x08002910                tte_get_text_size
                0x080029fc                tte_set_margins
 .text          0x08002a1c       0x8c tonclib/lib\libtonc.a(tonc_bios.o)
                0x08002a1c                SoftReset
                0x08002a20                RegisterRamReset
                0x08002a24                Halt
                0x08002a28                Stop
                0x08002a2c                IntrWait
                0x08002a30                VBlankIntrWait
                0x08002a34                Div
                0x08002a38                DivArm
                0x08002a3c                Sqrt
                0x08002a40                ArcTan
                0x08002a44                ArcTan2
                0x08002a48                CpuSet
                0x08002a4c                CpuFastSet
                0x08002a50                BiosCheckSum
                0x08002a54                BgAffineSet
                0x08002a58                ObjAffineSet
                0x08002a5c                BitUnPack
                0x08002a60                LZ77UnCompWram
                0x08002a64                LZ77UnCompVram
                0x08002a68                HuffUnComp
                0x08002a6c                RLUnCompWram
                0x08002a70                RLUnCompVram
                0x08002a74                Diff8bitUnFilterWram
                0x08002a78                Diff8bitUnFilterVram
                0x08002a7c                Diff16bitUnFilter
                0x08002a80                SoundBias
                0x08002a84                SoundDriverInit
                0x08002a88                SoundDriverMode
                0x08002a8c                SoundDriverMain
                0x08002a90                SoundDriverVSync
                0x08002a94                SoundChannelClear
                0x08002a98                MidiKey2Freq
                0x08002a9c                MultiBoot
                0x08002aa0                SoundDriverVSyncOff
                0x08002aa4                SoundDriverVSyncOn
 .text          0x08002aa8       0x54 tonclib/lib\libtonc.a(tonc_bios_ex.o)
                0x08002aa8                VBlankIntrDelay
                0x08002ab8                DivSafe
                0x08002acc                Mod
                0x08002ad4                DivAbs
                0x08002adc                DivArmMod
                0x08002ae4                DivArmAbs
                0x08002aec                CpuFastFill
 .text          0x08002afc       0x44 tonclib/lib\libtonc.a(tonc_memcpy.o)
                0x08002afc                memcpy16
 .text          0x08002b40        0x0 tonclib/lib\libtonc.a(sys8.o)
 .text          0x08002b40      0x138 tonclib/lib\libtonc.a(tonc_surface.o)
                0x08002b40                srf_init
                0x08002bf8                srf_pal_copy
                0x08002c18                srf_get_ptr
 .text          0x08002c78      0x174 tonclib/lib\libtonc.a(se_drawg.o)
                0x08002c78                se_erase
                0x08002ca8                se_drawg_w8h8
                0x08002cd4                se_drawg_w8h16
                0x08002d10                se_drawg
                0x08002d80                se_drawg_s
 .text          0x08002dec      0x4d8 tonclib/lib\libtonc.a(tonc_sbmp16.o)
                0x08002dec                sbmp16_get_pixel
                0x08002dfc                sbmp16_plot
                0x08002e10                sbmp16_vline
                0x08002e48                sbmp16_line
                0x08002f24                sbmp16_hline
                0x08002f50                sbmp16_frame
                0x08002fdc                sbmp16_rect
                0x0800303c                sbmp16_blit
                0x08003178                sbmp16_floodfill_internal
                0x0800329c                sbmp16_floodfill
 .text          0x080032c4       0x3c tonclib/lib\libtonc.a(tonc_memset.o)
                0x080032c4                memset16
 .text          0x08003300      0x150 c:/devkitpro/devkitarm/bin/../lib/gcc/arm-none-eabi/4.9.2/thumb\libgcc.a(_divsi3.o)
                0x08003300                __divsi3
                0x08003300                __aeabi_idiv
                0x08003430                __aeabi_idivmod
 .text          0x08003450        0x4 c:/devkitpro/devkitarm/bin/../lib/gcc/arm-none-eabi/4.9.2/thumb\libgcc.a(_dvmd_tls.o)
                0x08003450                __aeabi_idiv0
                0x08003450                __aeabi_ldiv0
 .text          0x08003454        0x0 c:/devkitpro/devkitarm/bin/../lib/gcc/arm-none-eabi/4.9.2/../../../../arm-none-eabi/lib/thumb\libc.a(lib_a-ctype_.o)
 .text          0x08003454        0x0 c:/devkitpro/devkitarm/bin/../lib/gcc/arm-none-eabi/4.9.2/../../../../arm-none-eabi/lib/thumb\libc.a(lib_a-init.o)
 .text          0x08003454        0x0 c:/devkitpro/devkitarm/bin/../lib/gcc/arm-none-eabi/4.9.2/../../../../arm-none-eabi/lib/thumb\libc.a(lib_a-memcpy.o)
 .text          0x08003454        0x0 c:/devkitpro/devkitarm/bin/../lib/gcc/arm-none-eabi/4.9.2/../../../../arm-none-eabi/lib/thumb\libc.a(lib_a-memset.o)
 .text          0x08003454        0x0 c:/devkitpro/devkitarm/bin/../lib/gcc/arm-none-eabi/4.9.2/../../../../arm-none-eabi/lib/thumb\libc.a(lib_a-rand.o)
 .text          0x08003454        0x0 c:/devkitpro/devkitarm/bin/../lib/gcc/arm-none-eabi/4.9.2/../../../../arm-none-eabi/lib/thumb\libc.a(lib_a-sprintf.o)
 .text          0x08003454        0x0 c:/devkitpro/devkitarm/bin/../lib/gcc/arm-none-eabi/4.9.2/../../../../arm-none-eabi/lib/thumb\libc.a(lib_a-strtol.o)
 .text          0x08003454        0x0 c:/devkitpro/devkitarm/bin/../lib/gcc/arm-none-eabi/4.9.2/../../../../arm-none-eabi/lib/thumb\libc.a(lib_a-svfprintf.o)
 .text          0x08003454        0x0 c:/devkitpro/devkitarm/bin/../lib/gcc/arm-none-eabi/4.9.2/../../../../arm-none-eabi/lib/thumb\libc.a(lib_a-time.o)
 .text          0x08003454        0x0 c:/devkitpro/devkitarm/bin/../lib/gcc/arm-none-eabi/4.9.2/../../../../arm-none-eabi/lib/thumb\libc.a(lib_a-wcrtomb.o)
 .text          0x08003454        0x0 c:/devkitpro/devkitarm/bin/../lib/gcc/arm-none-eabi/4.9.2/../../../../arm-none-eabi/lib/thumb\libc.a(lib_a-wcsrtombs.o)
 .text          0x08003454        0x0 c:/devkitpro/devkitarm/bin/../lib/gcc/arm-none-eabi/4.9.2/../../../../arm-none-eabi/lib/thumb\libc.a(lib_a-wctomb_r.o)
 .text          0x08003454        0x0 c:/devkitpro/devkitarm/bin/../lib/gcc/arm-none-eabi/4.9.2/../../../../arm-none-eabi/lib/thumb\libc.a(lib_a-dtoa.o)
 .text          0x08003454        0x0 c:/devkitpro/devkitarm/bin/../lib/gcc/arm-none-eabi/4.9.2/../../../../arm-none-eabi/lib/thumb\libc.a(lib_a-freer.o)
 .text          0x08003454        0x0 c:/devkitpro/devkitarm/bin/../lib/gcc/arm-none-eabi/4.9.2/../../../../arm-none-eabi/lib/thumb\libc.a(lib_a-locale.o)
 .text          0x08003454        0x0 c:/devkitpro/devkitarm/bin/../lib/gcc/arm-none-eabi/4.9.2/../../../../arm-none-eabi/lib/thumb\libc.a(lib_a-mallocr.o)
 .text          0x08003454        0x0 c:/devkitpro/devkitarm/bin/../lib/gcc/arm-none-eabi/4.9.2/../../../../arm-none-eabi/lib/thumb\libc.a(lib_a-mbtowc_r.o)
 .text          0x08003454        0x0 c:/devkitpro/devkitarm/bin/../lib/gcc/arm-none-eabi/4.9.2/../../../../arm-none-eabi/lib/thumb\libc.a(lib_a-memchr.o)
 .text          0x08003454        0x0 c:/devkitpro/devkitarm/bin/../lib/gcc/arm-none-eabi/4.9.2/../../../../arm-none-eabi/lib/thumb\libc.a(lib_a-mlock.o)
 .text          0x08003454        0x0 c:/devkitpro/devkitarm/bin/../lib/gcc/arm-none-eabi/4.9.2/../../../../arm-none-eabi/lib/thumb\libc.a(lib_a-mprec.o)
 .text          0x08003454        0x0 c:/devkitpro/devkitarm/bin/../lib/gcc/arm-none-eabi/4.9.2/../../../../arm-none-eabi/lib/thumb\libc.a(lib_a-s_fpclassify.o)
 .text          0x08003454        0x0 c:/devkitpro/devkitarm/bin/../lib/gcc/arm-none-eabi/4.9.2/../../../../arm-none-eabi/lib/thumb\libc.a(lib_a-s_frexp.o)
 .text          0x08003454        0x0 c:/devkitpro/devkitarm/bin/../lib/gcc/arm-none-eabi/4.9.2/../../../../arm-none-eabi/lib/thumb\libc.a(lib_a-strcasecmp.o)
 .text          0x08003454        0x0 c:/devkitpro/devkitarm/bin/../lib/gcc/arm-none-eabi/4.9.2/../../../../arm-none-eabi/lib/thumb\libc.a(lib_a-strcat.o)
 .text          0x08003454        0x0 c:/devkitpro/devkitarm/bin/../lib/gcc/arm-none-eabi/4.9.2/../../../../arm-none-eabi/lib/thumb\libc.a(lib_a-strchr.o)
 .text          0x08003454      0x224 c:/devkitpro/devkitarm/bin/../lib/gcc/arm-none-eabi/4.9.2/../../../../arm-none-eabi/lib/thumb\libc.a(lib_a-strcmp.o)
                0x08003454                strcmp
 .text          0x08003678        0x0 c:/devkitpro/devkitarm/bin/../lib/gcc/arm-none-eabi/4.9.2/../../../../arm-none-eabi/lib/thumb\libc.a(lib_a-strcpy.o)
 .text          0x08003678        0x0 c:/devkitpro/devkitarm/bin/../lib/gcc/arm-none-eabi/4.9.2/../../../../arm-none-eabi/lib/thumb\libc.a(lib_a-strlcpy.o)
 .text          0x08003678        0x0 c:/devkitpro/devkitarm/bin/../lib/gcc/arm-none-eabi/4.9.2/../../../../arm-none-eabi/lib/thumb\libc.a(lib_a-strlen.o)
 .text          0x08003678        0x0 c:/devkitpro/devkitarm/bin/../lib/gcc/arm-none-eabi/4.9.2/../../../../arm-none-eabi/lib/thumb\libc.a(lib_a-strncasecmp.o)
 .text          0x08003678        0x0 c:/devkitpro/devkitarm/bin/../lib/gcc/arm-none-eabi/4.9.2/../../../../arm-none-eabi/lib/thumb\libc.a(lib_a-strncmp.o)
 .text          0x08003678        0x0 c:/devkitpro/devkitarm/bin/../lib/gcc/arm-none-eabi/4.9.2/../../../../arm-none-eabi/lib/thumb\libc.a(lib_a-strncpy.o)
 .text          0x08003678        0x0 c:/devkitpro/devkitarm/bin/../lib/gcc/arm-none-eabi/4.9.2/../../../../arm-none-eabi/lib/thumb\libc.a(lib_a-svfiprintf.o)
 .text          0x08003678        0x0 c:/devkitpro/devkitarm/bin/../lib/gcc/arm-none-eabi/4.9.2/../../../../arm-none-eabi/lib/thumb\libc.a(lib_a-wcsnrtombs.o)
 .text          0x08003678        0x0 c:/devkitpro/devkitarm/bin/../lib/gcc/arm-none-eabi/4.9.2/../../../../arm-none-eabi/lib/thumb\libc.a(lib_a-callocr.o)
 .text          0x08003678        0x0 c:/devkitpro/devkitarm/bin/../lib/gcc/arm-none-eabi/4.9.2/../../../../arm-none-eabi/lib/thumb\libc.a(lib_a-getenv_r.o)
 .text          0x08003678        0x0 c:/devkitpro/devkitarm/bin/../lib/gcc/arm-none-eabi/4.9.2/../../../../arm-none-eabi/lib/thumb\libc.a(lib_a-memmove.o)
 .text          0x08003678        0x0 c:/devkitpro/devkitarm/bin/../lib/gcc/arm-none-eabi/4.9.2/../../../../arm-none-eabi/lib/thumb\libc.a(lib_a-reallocr.o)
 .text          0x08003678        0x0 c:/devkitpro/devkitarm/bin/../lib/gcc/arm-none-eabi/4.9.2/../../../../arm-none-eabi/lib/thumb\libc.a(lib_a-environ.o)
 .text          0x08003678        0x0 c:/devkitpro/devkitarm/bin/../lib/gcc/arm-none-eabi/4.9.2/../../../../arm-none-eabi/lib/thumb\libc.a(lib_a-envlock.o)
 .text          0x08003678       0x28 c:/devkitpro/devkitarm/bin/../lib/gcc/arm-none-eabi/4.9.2/../../../../arm-none-eabi/lib/thumb\libsysbase.a(gettod.o)
                0x08003678                _gettimeofday_r
 .text          0x080036a0       0x54 c:/devkitpro/devkitarm/bin/../lib/gcc/arm-none-eabi/4.9.2/../../../../arm-none-eabi/lib/thumb\libsysbase.a(sbrk.o)
                0x080036a0                _sbrk_r
 .text          0x080036f4        0x0 c:/devkitpro/devkitarm/bin/../lib/gcc/arm-none-eabi/4.9.2/../../../../arm-none-eabi/lib/thumb\libsysbase.a(malloc_vars.o)
 .text          0x080036f4      0x104 c:/devkitpro/devkitarm/bin/../lib/gcc/arm-none-eabi/4.9.2/../../../../arm-none-eabi/lib/thumb\libsysbase.a(syscall_support.o)
                0x080036f4                __libc_lock_init
                0x0800370c                __libc_lock_acquire
                0x08003724                __libc_lock_try_acquire
                0x08003744                __libc_lock_release
                0x0800375c                __libc_lock_close
                0x08003774                __libc_lock_init_recursive
                0x0800378c                __libc_lock_acquire_recursive
                0x080037a4                __libc_lock_try_acquire_recursive
                0x080037c4                __libc_lock_release_recursive
                0x080037dc                __libc_lock_close_recursive
 .text          0x080037f8       0x28 c:/devkitpro/devkitarm/bin/../lib/gcc/arm-none-eabi/4.9.2/../../../../arm-none-eabi/lib/thumb\libsysbase.a(getreent.o)
                0x080037f8                __getreent
 .text          0x08003820      0x11c c:/devkitpro/devkitarm/bin/../lib/gcc/arm-none-eabi/4.9.2/thumb\libgcc.a(_udivsi3.o)
                0x08003820                __aeabi_uidiv
                0x08003820                __udivsi3
                0x0800391c                __aeabi_uidivmod
 .text          0x0800393c      0x41c c:/devkitpro/devkitarm/bin/../lib/gcc/arm-none-eabi/4.9.2/thumb\libgcc.a(_arm_addsubdf3.o)
                0x0800393c                __aeabi_drsub
                0x08003944                __aeabi_dsub
                0x08003944                __subdf3
                0x08003948                __aeabi_dadd
                0x08003948                __adddf3
                0x08003c58                __floatunsidf
                0x08003c58                __aeabi_ui2d
                0x08003c7c                __floatsidf
                0x08003c7c                __aeabi_i2d
                0x08003ca4                __aeabi_f2d
                0x08003ca4                __extendsfdf2
                0x08003ce4                __floatundidf
                0x08003ce4                __aeabi_ul2d
                0x08003cf8                __floatdidf
                0x08003cf8                __aeabi_l2d
 .text          0x08003d58      0x49c c:/devkitpro/devkitarm/bin/../lib/gcc/arm-none-eabi/4.9.2/thumb\libgcc.a(_arm_muldivdf3.o)
                0x08003d58                __aeabi_dmul
                0x08003d58                __muldf3
                0x08003fe8                __divdf3
                0x08003fe8                __aeabi_ddiv
 .text          0x080041f4      0x144 c:/devkitpro/devkitarm/bin/../lib/gcc/arm-none-eabi/4.9.2/thumb\libgcc.a(_arm_cmpdf2.o)
                0x080041f4                __gtdf2
                0x080041f4                __gedf2
                0x080041fc                __ltdf2
                0x080041fc                __ledf2
                0x08004204                __nedf2
                0x08004204                __eqdf2
                0x08004204                __cmpdf2
                0x0800428c                __aeabi_cdrcmple
                0x080042a8                __aeabi_cdcmpeq
                0x080042a8                __aeabi_cdcmple
                0x080042c0                __aeabi_dcmpeq
                0x080042d8                __aeabi_dcmplt
                0x080042f0                __aeabi_dcmple
                0x08004308                __aeabi_dcmpge
                0x08004320                __aeabi_dcmpgt
 .text          0x08004338       0x5c c:/devkitpro/devkitarm/bin/../lib/gcc/arm-none-eabi/4.9.2/thumb\libgcc.a(_arm_fixdfsi.o)
                0x08004338                __aeabi_d2iz
                0x08004338                __fixdfsi
 .text          0x08004394       0x3c c:/devkitpro/devkitarm/bin/../lib/gcc/arm-none-eabi/4.9.2/thumb\libgcc.a(_aeabi_uldivmod.o)
                0x08004394                __aeabi_uldivmod
 .text          0x080043d0       0x60 c:/devkitpro/devkitarm/bin/../lib/gcc/arm-none-eabi/4.9.2/thumb\libgcc.a(_muldi3.o)
                0x080043d0                __muldi3
                0x080043d0                __aeabi_lmul
 .text          0x08004430       0x74 c:/devkitpro/devkitarm/bin/../lib/gcc/arm-none-eabi/4.9.2/thumb\libgcc.a(bpabi.o)
                0x08004430                __gnu_ldivmod_helper
                0x0800446c                __gnu_uldivmod_helper
 .text          0x080044a4      0x1f4 c:/devkitpro/devkitarm/bin/../lib/gcc/arm-none-eabi/4.9.2/thumb\libgcc.a(_divdi3.o)
                0x080044a4                __divdi3
 .text          0x08004698      0x15c c:/devkitpro/devkitarm/bin/../lib/gcc/arm-none-eabi/4.9.2/thumb\libgcc.a(_udivdi3.o)
                0x08004698                __udivdi3
 .text          0x080047f4       0x28 c:/devkitpro/devkitarm/bin/../lib/gcc/arm-none-eabi/4.9.2/thumb\libgcc.a(_clzdi2.o)
                0x080047f4                __clzdi2
 .text          0x0800481c       0x48 c:/devkitpro/devkitarm/bin/../lib/gcc/arm-none-eabi/4.9.2/thumb\libgcc.a(_clzsi2.o)
                0x0800481c                __clzsi2
 .text          0x08004864        0x0 c:/devkitpro/devkitarm/bin/../lib/gcc/arm-none-eabi/4.9.2/../../../../arm-none-eabi/lib/thumb\libc.a(lib_a-impure.o)
 .text          0x08004864        0x0 c:/devkitpro/devkitarm/bin/../lib/gcc/arm-none-eabi/4.9.2/thumb/crtend.o
 .text          0x08004864        0x0 c:/devkitpro/devkitarm/bin/../lib/gcc/arm-none-eabi/4.9.2/thumb/crtn.o
 *(.text .stub .text.* .gnu.linkonce.t.*)
 .text.startup  0x08004864      0x2e4 hello.o
                0x08004864                main
 .text.__set_ctype
                0x08004b48       0x10 c:/devkitpro/devkitarm/bin/../lib/gcc/arm-none-eabi/4.9.2/../../../../arm-none-eabi/lib/thumb\libc.a(lib_a-ctype_.o)
                0x08004b48                __set_ctype
 .text.__libc_init_array
                0x08004b58       0x58 c:/devkitpro/devkitarm/bin/../lib/gcc/arm-none-eabi/4.9.2/../../../../arm-none-eabi/lib/thumb\libc.a(lib_a-init.o)
                0x08004b58                __libc_init_array
 .text.memcpy   0x08004bb0       0x84 c:/devkitpro/devkitarm/bin/../lib/gcc/arm-none-eabi/4.9.2/../../../../arm-none-eabi/lib/thumb\libc.a(lib_a-memcpy.o)
                0x08004bb0                memcpy
 .text.memset   0x08004c34       0x98 c:/devkitpro/devkitarm/bin/../lib/gcc/arm-none-eabi/4.9.2/../../../../arm-none-eabi/lib/thumb\libc.a(lib_a-memset.o)
                0x08004c34                memset
 .text.srand    0x08004ccc       0x18 c:/devkitpro/devkitarm/bin/../lib/gcc/arm-none-eabi/4.9.2/../../../../arm-none-eabi/lib/thumb\libc.a(lib_a-rand.o)
                0x08004ccc                srand
 *fill*         0x08004ce4        0x4 ff
 .text.rand     0x08004ce8       0x38 c:/devkitpro/devkitarm/bin/../lib/gcc/arm-none-eabi/4.9.2/../../../../arm-none-eabi/lib/thumb\libc.a(lib_a-rand.o)
                0x08004ce8                rand
 .text._sprintf_r
                0x08004d20       0x40 c:/devkitpro/devkitarm/bin/../lib/gcc/arm-none-eabi/4.9.2/../../../../arm-none-eabi/lib/thumb\libc.a(lib_a-sprintf.o)
                0x08004d20                _sprintf_r
 .text.sprintf  0x08004d60       0x48 c:/devkitpro/devkitarm/bin/../lib/gcc/arm-none-eabi/4.9.2/../../../../arm-none-eabi/lib/thumb\libc.a(lib_a-sprintf.o)
                0x08004d60                sprintf
 .text._strtol_r
                0x08004da8      0x15c c:/devkitpro/devkitarm/bin/../lib/gcc/arm-none-eabi/4.9.2/../../../../arm-none-eabi/lib/thumb\libc.a(lib_a-strtol.o)
                0x08004da8                _strtol_r
 .text.strtol   0x08004f04       0x1c c:/devkitpro/devkitarm/bin/../lib/gcc/arm-none-eabi/4.9.2/../../../../arm-none-eabi/lib/thumb\libc.a(lib_a-strtol.o)
                0x08004f04                strtol
 .text.get_arg  0x08004f20      0x4a8 c:/devkitpro/devkitarm/bin/../lib/gcc/arm-none-eabi/4.9.2/../../../../arm-none-eabi/lib/thumb\libc.a(lib_a-svfprintf.o)
 .text._svfprintf_r
                0x080053c8     0x2e50 c:/devkitpro/devkitarm/bin/../lib/gcc/arm-none-eabi/4.9.2/../../../../arm-none-eabi/lib/thumb\libc.a(lib_a-svfprintf.o)
                0x080053c8                _svfprintf_r
 .text.time     0x08008218       0x2c c:/devkitpro/devkitarm/bin/../lib/gcc/arm-none-eabi/4.9.2/../../../../arm-none-eabi/lib/thumb\libc.a(lib_a-time.o)
                0x08008218                time
 .text._wcrtomb_r
                0x08008244       0x6c c:/devkitpro/devkitarm/bin/../lib/gcc/arm-none-eabi/4.9.2/../../../../arm-none-eabi/lib/thumb\libc.a(lib_a-wcrtomb.o)
                0x08008244                _wcrtomb_r
 .text.wcrtomb  0x080082b0       0x74 c:/devkitpro/devkitarm/bin/../lib/gcc/arm-none-eabi/4.9.2/../../../../arm-none-eabi/lib/thumb\libc.a(lib_a-wcrtomb.o)
                0x080082b0                wcrtomb
 .text._wcsrtombs_r
                0x08008324       0x18 c:/devkitpro/devkitarm/bin/../lib/gcc/arm-none-eabi/4.9.2/../../../../arm-none-eabi/lib/thumb\libc.a(lib_a-wcsrtombs.o)
                0x08008324                _wcsrtombs_r
 .text.wcsrtombs
                0x0800833c       0x28 c:/devkitpro/devkitarm/bin/../lib/gcc/arm-none-eabi/4.9.2/../../../../arm-none-eabi/lib/thumb\libc.a(lib_a-wcsrtombs.o)
                0x0800833c                wcsrtombs
 .text.__utf8_wctomb
                0x08008364       0xc0 c:/devkitpro/devkitarm/bin/../lib/gcc/arm-none-eabi/4.9.2/../../../../arm-none-eabi/lib/thumb\libc.a(lib_a-wctomb_r.o)
                0x08008364                __utf8_wctomb
 .text._wctomb_r
                0x08008424       0x3c c:/devkitpro/devkitarm/bin/../lib/gcc/arm-none-eabi/4.9.2/../../../../arm-none-eabi/lib/thumb\libc.a(lib_a-wctomb_r.o)
                0x08008424                _wctomb_r
 .text.__ascii_wctomb
                0x08008460       0x1c c:/devkitpro/devkitarm/bin/../lib/gcc/arm-none-eabi/4.9.2/../../../../arm-none-eabi/lib/thumb\libc.a(lib_a-wctomb_r.o)
                0x08008460                __ascii_wctomb
 .text.__sjis_wctomb
                0x0800847c       0x80 c:/devkitpro/devkitarm/bin/../lib/gcc/arm-none-eabi/4.9.2/../../../../arm-none-eabi/lib/thumb\libc.a(lib_a-wctomb_r.o)
                0x0800847c                __sjis_wctomb
 .text.__eucjp_wctomb
                0x080084fc       0x88 c:/devkitpro/devkitarm/bin/../lib/gcc/arm-none-eabi/4.9.2/../../../../arm-none-eabi/lib/thumb\libc.a(lib_a-wctomb_r.o)
                0x080084fc                __eucjp_wctomb
 .text.__jis_wctomb
                0x08008584       0x80 c:/devkitpro/devkitarm/bin/../lib/gcc/arm-none-eabi/4.9.2/../../../../arm-none-eabi/lib/thumb\libc.a(lib_a-wctomb_r.o)
                0x08008584                __jis_wctomb
 .text.quorem   0x08008604      0x160 c:/devkitpro/devkitarm/bin/../lib/gcc/arm-none-eabi/4.9.2/../../../../arm-none-eabi/lib/thumb\libc.a(lib_a-dtoa.o)
 *fill*         0x08008764        0x4 ff
 .text._dtoa_r  0x08008768     0x1098 c:/devkitpro/devkitarm/bin/../lib/gcc/arm-none-eabi/4.9.2/../../../../arm-none-eabi/lib/thumb\libc.a(lib_a-dtoa.o)
                0x08008768                _dtoa_r
 .text._malloc_trim_r
                0x08009800       0xa4 c:/devkitpro/devkitarm/bin/../lib/gcc/arm-none-eabi/4.9.2/../../../../arm-none-eabi/lib/thumb\libc.a(lib_a-freer.o)
                0x08009800                _malloc_trim_r
 .text._free_r  0x080098a4      0x1b0 c:/devkitpro/devkitarm/bin/../lib/gcc/arm-none-eabi/4.9.2/../../../../arm-none-eabi/lib/thumb\libc.a(lib_a-freer.o)
                0x080098a4                _free_r
 .text.__get_locale_env
                0x08009a54       0x58 c:/devkitpro/devkitarm/bin/../lib/gcc/arm-none-eabi/4.9.2/../../../../arm-none-eabi/lib/thumb\libc.a(lib_a-locale.o)
 .text.loadlocale
                0x08009aac      0x620 c:/devkitpro/devkitarm/bin/../lib/gcc/arm-none-eabi/4.9.2/../../../../arm-none-eabi/lib/thumb\libc.a(lib_a-locale.o)
 .text.currentlocale
                0x0800a0cc       0x64 c:/devkitpro/devkitarm/bin/../lib/gcc/arm-none-eabi/4.9.2/../../../../arm-none-eabi/lib/thumb\libc.a(lib_a-locale.o)
 .text._setlocale_r
                0x0800a130      0x210 c:/devkitpro/devkitarm/bin/../lib/gcc/arm-none-eabi/4.9.2/../../../../arm-none-eabi/lib/thumb\libc.a(lib_a-locale.o)
                0x0800a130                _setlocale_r
 .text.__locale_charset
                0x0800a340        0x8 c:/devkitpro/devkitarm/bin/../lib/gcc/arm-none-eabi/4.9.2/../../../../arm-none-eabi/lib/thumb\libc.a(lib_a-locale.o)
                0x0800a340                __locale_charset
 .text.__locale_mb_cur_max
                0x0800a348        0xc c:/devkitpro/devkitarm/bin/../lib/gcc/arm-none-eabi/4.9.2/../../../../arm-none-eabi/lib/thumb\libc.a(lib_a-locale.o)
                0x0800a348                __locale_mb_cur_max
 .text.__locale_msgcharset
                0x0800a354        0x8 c:/devkitpro/devkitarm/bin/../lib/gcc/arm-none-eabi/4.9.2/../../../../arm-none-eabi/lib/thumb\libc.a(lib_a-locale.o)
                0x0800a354                __locale_msgcharset
 .text.__locale_cjk_lang
                0x0800a35c        0xc c:/devkitpro/devkitarm/bin/../lib/gcc/arm-none-eabi/4.9.2/../../../../arm-none-eabi/lib/thumb\libc.a(lib_a-locale.o)
                0x0800a35c                __locale_cjk_lang
 .text._localeconv_r
                0x0800a368        0x8 c:/devkitpro/devkitarm/bin/../lib/gcc/arm-none-eabi/4.9.2/../../../../arm-none-eabi/lib/thumb\libc.a(lib_a-locale.o)
                0x0800a368                _localeconv_r
 .text.setlocale
                0x0800a370       0x18 c:/devkitpro/devkitarm/bin/../lib/gcc/arm-none-eabi/4.9.2/../../../../arm-none-eabi/lib/thumb\libc.a(lib_a-locale.o)
                0x0800a370                setlocale
 .text.localeconv
                0x0800a388       0x14 c:/devkitpro/devkitarm/bin/../lib/gcc/arm-none-eabi/4.9.2/../../../../arm-none-eabi/lib/thumb\libc.a(lib_a-locale.o)
                0x0800a388                localeconv
 .text._malloc_r
                0x0800a39c      0x54c c:/devkitpro/devkitarm/bin/../lib/gcc/arm-none-eabi/4.9.2/../../../../arm-none-eabi/lib/thumb\libc.a(lib_a-mallocr.o)
                0x0800a39c                _malloc_r
 .text.__utf8_mbtowc
                0x0800a8e8      0x2bc c:/devkitpro/devkitarm/bin/../lib/gcc/arm-none-eabi/4.9.2/../../../../arm-none-eabi/lib/thumb\libc.a(lib_a-mbtowc_r.o)
                0x0800a8e8                __utf8_mbtowc
 .text._mbtowc_r
                0x0800aba4       0x40 c:/devkitpro/devkitarm/bin/../lib/gcc/arm-none-eabi/4.9.2/../../../../arm-none-eabi/lib/thumb\libc.a(lib_a-mbtowc_r.o)
                0x0800aba4                _mbtowc_r
 .text.__ascii_mbtowc
                0x0800abe4       0x2c c:/devkitpro/devkitarm/bin/../lib/gcc/arm-none-eabi/4.9.2/../../../../arm-none-eabi/lib/thumb\libc.a(lib_a-mbtowc_r.o)
                0x0800abe4                __ascii_mbtowc
 .text.__sjis_mbtowc
                0x0800ac10       0xb4 c:/devkitpro/devkitarm/bin/../lib/gcc/arm-none-eabi/4.9.2/../../../../arm-none-eabi/lib/thumb\libc.a(lib_a-mbtowc_r.o)
                0x0800ac10                __sjis_mbtowc
 .text.__eucjp_mbtowc
                0x0800acc4       0xd0 c:/devkitpro/devkitarm/bin/../lib/gcc/arm-none-eabi/4.9.2/../../../../arm-none-eabi/lib/thumb\libc.a(lib_a-mbtowc_r.o)
                0x0800acc4                __eucjp_mbtowc
 .text.__jis_mbtowc
                0x0800ad94      0x148 c:/devkitpro/devkitarm/bin/../lib/gcc/arm-none-eabi/4.9.2/../../../../arm-none-eabi/lib/thumb\libc.a(lib_a-mbtowc_r.o)
                0x0800ad94                __jis_mbtowc
 .text.memchr   0x0800aedc       0x8c c:/devkitpro/devkitarm/bin/../lib/gcc/arm-none-eabi/4.9.2/../../../../arm-none-eabi/lib/thumb\libc.a(lib_a-memchr.o)
                0x0800aedc                memchr
 .text.__malloc_lock
                0x0800af68        0x4 c:/devkitpro/devkitarm/bin/../lib/gcc/arm-none-eabi/4.9.2/../../../../arm-none-eabi/lib/thumb\libc.a(lib_a-mlock.o)
                0x0800af68                __malloc_lock
 .text.__malloc_unlock
                0x0800af6c        0x4 c:/devkitpro/devkitarm/bin/../lib/gcc/arm-none-eabi/4.9.2/../../../../arm-none-eabi/lib/thumb\libc.a(lib_a-mlock.o)
                0x0800af6c                __malloc_unlock
 .text._Balloc  0x0800af70       0x54 c:/devkitpro/devkitarm/bin/../lib/gcc/arm-none-eabi/4.9.2/../../../../arm-none-eabi/lib/thumb\libc.a(lib_a-mprec.o)
                0x0800af70                _Balloc
 .text._Bfree   0x0800afc4       0x14 c:/devkitpro/devkitarm/bin/../lib/gcc/arm-none-eabi/4.9.2/../../../../arm-none-eabi/lib/thumb\libc.a(lib_a-mprec.o)
                0x0800afc4                _Bfree
 .text.__multadd
                0x0800afd8       0x9c c:/devkitpro/devkitarm/bin/../lib/gcc/arm-none-eabi/4.9.2/../../../../arm-none-eabi/lib/thumb\libc.a(lib_a-mprec.o)
                0x0800afd8                __multadd
 .text.__s2b    0x0800b074       0x9c c:/devkitpro/devkitarm/bin/../lib/gcc/arm-none-eabi/4.9.2/../../../../arm-none-eabi/lib/thumb\libc.a(lib_a-mprec.o)
                0x0800b074                __s2b
 .text.__hi0bits
                0x0800b110       0x3c c:/devkitpro/devkitarm/bin/../lib/gcc/arm-none-eabi/4.9.2/../../../../arm-none-eabi/lib/thumb\libc.a(lib_a-mprec.o)
                0x0800b110                __hi0bits
 .text.__lo0bits
                0x0800b14c       0x5c c:/devkitpro/devkitarm/bin/../lib/gcc/arm-none-eabi/4.9.2/../../../../arm-none-eabi/lib/thumb\libc.a(lib_a-mprec.o)
                0x0800b14c                __lo0bits
 .text.__i2b    0x0800b1a8       0x18 c:/devkitpro/devkitarm/bin/../lib/gcc/arm-none-eabi/4.9.2/../../../../arm-none-eabi/lib/thumb\libc.a(lib_a-mprec.o)
                0x0800b1a8                __i2b
 .text.__multiply
                0x0800b1c0      0x168 c:/devkitpro/devkitarm/bin/../lib/gcc/arm-none-eabi/4.9.2/../../../../arm-none-eabi/lib/thumb\libc.a(lib_a-mprec.o)
                0x0800b1c0                __multiply
 .text.__pow5mult
                0x0800b328       0xc0 c:/devkitpro/devkitarm/bin/../lib/gcc/arm-none-eabi/4.9.2/../../../../arm-none-eabi/lib/thumb\libc.a(lib_a-mprec.o)
                0x0800b328                __pow5mult
 .text.__lshift
                0x0800b3e8       0xd0 c:/devkitpro/devkitarm/bin/../lib/gcc/arm-none-eabi/4.9.2/../../../../arm-none-eabi/lib/thumb\libc.a(lib_a-mprec.o)
                0x0800b3e8                __lshift
 .text.__mcmp   0x0800b4b8       0x3c c:/devkitpro/devkitarm/bin/../lib/gcc/arm-none-eabi/4.9.2/../../../../arm-none-eabi/lib/thumb\libc.a(lib_a-mprec.o)
                0x0800b4b8                __mcmp
 .text.__mdiff  0x0800b4f4       0xec c:/devkitpro/devkitarm/bin/../lib/gcc/arm-none-eabi/4.9.2/../../../../arm-none-eabi/lib/thumb\libc.a(lib_a-mprec.o)
                0x0800b4f4                __mdiff
 .text.__ulp    0x0800b5e0       0x50 c:/devkitpro/devkitarm/bin/../lib/gcc/arm-none-eabi/4.9.2/../../../../arm-none-eabi/lib/thumb\libc.a(lib_a-mprec.o)
                0x0800b5e0                __ulp
 .text.__b2d    0x0800b630       0xe0 c:/devkitpro/devkitarm/bin/../lib/gcc/arm-none-eabi/4.9.2/../../../../arm-none-eabi/lib/thumb\libc.a(lib_a-mprec.o)
                0x0800b630                __b2d
 .text.__d2b    0x0800b710       0xc0 c:/devkitpro/devkitarm/bin/../lib/gcc/arm-none-eabi/4.9.2/../../../../arm-none-eabi/lib/thumb\libc.a(lib_a-mprec.o)
                0x0800b710                __d2b
 .text.__ratio  0x0800b7d0       0x74 c:/devkitpro/devkitarm/bin/../lib/gcc/arm-none-eabi/4.9.2/../../../../arm-none-eabi/lib/thumb\libc.a(lib_a-mprec.o)
                0x0800b7d0                __ratio
 *fill*         0x0800b844        0x4 ff
 .text._mprec_log10
                0x0800b848       0x48 c:/devkitpro/devkitarm/bin/../lib/gcc/arm-none-eabi/4.9.2/../../../../arm-none-eabi/lib/thumb\libc.a(lib_a-mprec.o)
                0x0800b848                _mprec_log10
 .text.__copybits
                0x0800b890       0x44 c:/devkitpro/devkitarm/bin/../lib/gcc/arm-none-eabi/4.9.2/../../../../arm-none-eabi/lib/thumb\libc.a(lib_a-mprec.o)
                0x0800b890                __copybits
 .text.__any_on
                0x0800b8d4       0x64 c:/devkitpro/devkitarm/bin/../lib/gcc/arm-none-eabi/4.9.2/../../../../arm-none-eabi/lib/thumb\libc.a(lib_a-mprec.o)
                0x0800b8d4                __any_on
 .text.__fpclassifyd
                0x0800b938       0x5c c:/devkitpro/devkitarm/bin/../lib/gcc/arm-none-eabi/4.9.2/../../../../arm-none-eabi/lib/thumb\libc.a(lib_a-s_fpclassify.o)
                0x0800b938                __fpclassifyd
 *fill*         0x0800b994        0x4 ff
 .text.frexp    0x0800b998       0x80 c:/devkitpro/devkitarm/bin/../lib/gcc/arm-none-eabi/4.9.2/../../../../arm-none-eabi/lib/thumb\libc.a(lib_a-s_frexp.o)
                0x0800b998                frexp
 .text.strcasecmp
                0x0800ba18       0x58 c:/devkitpro/devkitarm/bin/../lib/gcc/arm-none-eabi/4.9.2/../../../../arm-none-eabi/lib/thumb\libc.a(lib_a-strcasecmp.o)
                0x0800ba18                strcasecmp
 .text.strcat   0x0800ba70       0x54 c:/devkitpro/devkitarm/bin/../lib/gcc/arm-none-eabi/4.9.2/../../../../arm-none-eabi/lib/thumb\libc.a(lib_a-strcat.o)
                0x0800ba70                strcat
 .text.strchr   0x0800bac4       0xdc c:/devkitpro/devkitarm/bin/../lib/gcc/arm-none-eabi/4.9.2/../../../../arm-none-eabi/lib/thumb\libc.a(lib_a-strchr.o)
                0x0800bac4                strchr
 .text.strcpy   0x0800bba0       0x10 c:/devkitpro/devkitarm/bin/../lib/gcc/arm-none-eabi/4.9.2/../../../../arm-none-eabi/lib/thumb\libc.a(lib_a-strcpy.o)
                0x0800bba0                strcpy
 .text.strlcpy  0x0800bbb0       0x4c c:/devkitpro/devkitarm/bin/../lib/gcc/arm-none-eabi/4.9.2/../../../../arm-none-eabi/lib/thumb\libc.a(lib_a-strlcpy.o)
                0x0800bbb0                strlcpy
 .text.strlen   0x0800bbfc       0x6c c:/devkitpro/devkitarm/bin/../lib/gcc/arm-none-eabi/4.9.2/../../../../arm-none-eabi/lib/thumb\libc.a(lib_a-strlen.o)
                0x0800bbfc                strlen
 .text.strncasecmp
                0x0800bc68       0x5c c:/devkitpro/devkitarm/bin/../lib/gcc/arm-none-eabi/4.9.2/../../../../arm-none-eabi/lib/thumb\libc.a(lib_a-strncasecmp.o)
                0x0800bc68                strncasecmp
 .text.strncmp  0x0800bcc4       0x98 c:/devkitpro/devkitarm/bin/../lib/gcc/arm-none-eabi/4.9.2/../../../../arm-none-eabi/lib/thumb\libc.a(lib_a-strncmp.o)
                0x0800bcc4                strncmp
 .text.strncpy  0x0800bd5c       0x7c c:/devkitpro/devkitarm/bin/../lib/gcc/arm-none-eabi/4.9.2/../../../../arm-none-eabi/lib/thumb\libc.a(lib_a-strncpy.o)
                0x0800bd5c                strncpy
 .text.get_arg  0x0800bdd8      0x4a8 c:/devkitpro/devkitarm/bin/../lib/gcc/arm-none-eabi/4.9.2/../../../../arm-none-eabi/lib/thumb\libc.a(lib_a-svfiprintf.o)
 .text.__ssprint_r
                0x0800c280      0x134 c:/devkitpro/devkitarm/bin/../lib/gcc/arm-none-eabi/4.9.2/../../../../arm-none-eabi/lib/thumb\libc.a(lib_a-svfiprintf.o)
                0x0800c280                __ssprint_r
 .text._svfiprintf_r
                0x0800c3b4     0x1d80 c:/devkitpro/devkitarm/bin/../lib/gcc/arm-none-eabi/4.9.2/../../../../arm-none-eabi/lib/thumb\libc.a(lib_a-svfiprintf.o)
                0x0800c3b4                _svfiprintf_r
 .text._wcsnrtombs_r
                0x0800e134      0x110 c:/devkitpro/devkitarm/bin/../lib/gcc/arm-none-eabi/4.9.2/../../../../arm-none-eabi/lib/thumb\libc.a(lib_a-wcsnrtombs.o)
                0x0800e134                _wcsnrtombs_r
 .text.wcsnrtombs
                0x0800e244       0x28 c:/devkitpro/devkitarm/bin/../lib/gcc/arm-none-eabi/4.9.2/../../../../arm-none-eabi/lib/thumb\libc.a(lib_a-wcsnrtombs.o)
                0x0800e244                wcsnrtombs
 .text._calloc_r
                0x0800e26c       0x64 c:/devkitpro/devkitarm/bin/../lib/gcc/arm-none-eabi/4.9.2/../../../../arm-none-eabi/lib/thumb\libc.a(lib_a-callocr.o)
                0x0800e26c                _calloc_r
 .text._findenv_r
                0x0800e2d0       0x98 c:/devkitpro/devkitarm/bin/../lib/gcc/arm-none-eabi/4.9.2/../../../../arm-none-eabi/lib/thumb\libc.a(lib_a-getenv_r.o)
                0x0800e2d0                _findenv_r
 .text._getenv_r
                0x0800e368       0x10 c:/devkitpro/devkitarm/bin/../lib/gcc/arm-none-eabi/4.9.2/../../../../arm-none-eabi/lib/thumb\libc.a(lib_a-getenv_r.o)
                0x0800e368                _getenv_r
 .text.memmove  0x0800e378       0x9c c:/devkitpro/devkitarm/bin/../lib/gcc/arm-none-eabi/4.9.2/../../../../arm-none-eabi/lib/thumb\libc.a(lib_a-memmove.o)
                0x0800e378                memmove
 .text._realloc_r
                0x0800e414      0x3dc c:/devkitpro/devkitarm/bin/../lib/gcc/arm-none-eabi/4.9.2/../../../../arm-none-eabi/lib/thumb\libc.a(lib_a-reallocr.o)
                0x0800e414                _realloc_r
 .text.__env_lock
                0x0800e7f0        0x4 c:/devkitpro/devkitarm/bin/../lib/gcc/arm-none-eabi/4.9.2/../../../../arm-none-eabi/lib/thumb\libc.a(lib_a-envlock.o)
                0x0800e7f0                __env_lock
 .text.__env_unlock
                0x0800e7f4        0x4 c:/devkitpro/devkitarm/bin/../lib/gcc/arm-none-eabi/4.9.2/../../../../arm-none-eabi/lib/thumb\libc.a(lib_a-envlock.o)
                0x0800e7f4                __env_unlock
 .text.__env_unlock.__stub
                0x0800e7f8       0xb4 linker stubs
 *(.text.*personality*)
 *(.gnu.warning)
 *(.glue_7t)
 .glue_7t       0x0800e8b8        0x0 linker stubs
 *(.glue_7)
 .glue_7        0x0800e8b8        0x0 linker stubs
 *(.vfp11_veneer)
 .vfp11_veneer  0x0800e8b8        0x0 linker stubs
                0x0800e8b8                . = ALIGN (0x4)
                0x0800e8b8                __text_end = .

.v4_bx          0x0800e8b8        0x0
 .v4_bx         0x0800e8b8        0x0 linker stubs

.iplt           0x0800e8b8        0x0
 .iplt          0x0800e8b8        0x0 c:/devkitpro/devkitarm/bin/../lib/gcc/arm-none-eabi/4.9.2/../../../../arm-none-eabi/lib/thumb/gba_crt0.o

.fini           0x0800e8b8        0xc
 *(.fini)
 .fini          0x0800e8b8        0x4 c:/devkitpro/devkitarm/bin/../lib/gcc/arm-none-eabi/4.9.2/thumb/crti.o
                0x0800e8b8                _fini
 .fini          0x0800e8bc        0x8 c:/devkitpro/devkitarm/bin/../lib/gcc/arm-none-eabi/4.9.2/thumb/crtn.o
                0x0800e8c4                . = ALIGN (0x4)

.rodata         0x0800e8c8     0xa1a8
 *(.rodata)
 .rodata        0x0800e8c8      0xb00 Background.o
                0x0800e8c8                BackgroundPal
                0x0800eac8                BackgroundMap
                0x0800f2c8                BackgroundTiles
 .rodata        0x0800f3c8     0x8200 SpriteSheet.o
                0x0800f3c8                SpriteSheetPal
                0x0800f5c8                SpriteSheetTiles
 .rodata        0x080175c8      0x1f0 tonclib/lib\libtonc.a(tte_main.o)
 .rodata        0x080177b8      0x318 tonclib/lib\libtonc.a(sys8.o)
                0x080177b8                sys8Font
                0x080177d0                sys8Glyphs
 .rodata        0x08017ad0       0x1c tonclib/lib\libtonc.a(tonc_surface.o)
 .rodata        0x08017aec       0x3c tonclib/lib\libtonc.a(tonc_sbmp16.o)
                0x08017aec                bmp16_tab
                0x08017b14                m3_surface
 *all.rodata*(*)
 *(.roda)
 *(.rodata.*)
 .rodata.str1.4
                0x08017b28      0x115 hello.o
                                0x118 (size before relaxing)
 *fill*         0x08017c3d        0x3 ff
 .rodata.str1.4
                0x08017c40        0x6 tonclib/lib\libtonc.a(tonc_sbmp16.o)
                                  0x8 (size before relaxing)
 *fill*         0x08017c46        0x2 ff
 .rodata._ctype_
                0x08017c48      0x104 c:/devkitpro/devkitarm/bin/../lib/gcc/arm-none-eabi/4.9.2/../../../../arm-none-eabi/lib/thumb\libc.a(lib_a-ctype_.o)
                0x08017c48                _ctype_
 .rodata.get_arg
                0x08017d4c      0x1f8 c:/devkitpro/devkitarm/bin/../lib/gcc/arm-none-eabi/4.9.2/../../../../arm-none-eabi/lib/thumb\libc.a(lib_a-svfprintf.o)
 .rodata._svfprintf_r
                0x08017f44      0x16c c:/devkitpro/devkitarm/bin/../lib/gcc/arm-none-eabi/4.9.2/../../../../arm-none-eabi/lib/thumb\libc.a(lib_a-svfprintf.o)
 .rodata.zeroes.7037
                0x080180b0       0x10 c:/devkitpro/devkitarm/bin/../lib/gcc/arm-none-eabi/4.9.2/../../../../arm-none-eabi/lib/thumb\libc.a(lib_a-svfprintf.o)
 .rodata.str1.4
                0x080180c0       0x42 c:/devkitpro/devkitarm/bin/../lib/gcc/arm-none-eabi/4.9.2/../../../../arm-none-eabi/lib/thumb\libc.a(lib_a-svfprintf.o)
                                 0x44 (size before relaxing)
 *fill*         0x08018102        0x2 ff
 .rodata.blanks.7036
                0x08018104       0x10 c:/devkitpro/devkitarm/bin/../lib/gcc/arm-none-eabi/4.9.2/../../../../arm-none-eabi/lib/thumb\libc.a(lib_a-svfprintf.o)
 .rodata.str1.4
                0x08018114       0x10 c:/devkitpro/devkitarm/bin/../lib/gcc/arm-none-eabi/4.9.2/../../../../arm-none-eabi/lib/thumb\libc.a(lib_a-dtoa.o)
                                 0x14 (size before relaxing)
 .rodata.loadlocale
                0x08018124       0xd4 c:/devkitpro/devkitarm/bin/../lib/gcc/arm-none-eabi/4.9.2/../../../../arm-none-eabi/lib/thumb\libc.a(lib_a-locale.o)
 .rodata.str1.4
                0x080181f8      0x12c c:/devkitpro/devkitarm/bin/../lib/gcc/arm-none-eabi/4.9.2/../../../../arm-none-eabi/lib/thumb\libc.a(lib_a-locale.o)
                                0x130 (size before relaxing)
 .rodata.categories
                0x08018324       0x1c c:/devkitpro/devkitarm/bin/../lib/gcc/arm-none-eabi/4.9.2/../../../../arm-none-eabi/lib/thumb\libc.a(lib_a-locale.o)
 .rodata.__jis_mbtowc
                0x08018340       0x18 c:/devkitpro/devkitarm/bin/../lib/gcc/arm-none-eabi/4.9.2/../../../../arm-none-eabi/lib/thumb\libc.a(lib_a-mbtowc_r.o)
 .rodata.JIS_state_table
                0x08018358       0x48 c:/devkitpro/devkitarm/bin/../lib/gcc/arm-none-eabi/4.9.2/../../../../arm-none-eabi/lib/thumb\libc.a(lib_a-mbtowc_r.o)
 .rodata.JIS_action_table
                0x080183a0       0x48 c:/devkitpro/devkitarm/bin/../lib/gcc/arm-none-eabi/4.9.2/../../../../arm-none-eabi/lib/thumb\libc.a(lib_a-mbtowc_r.o)
 .rodata.p05.5298
                0x080183e8        0xc c:/devkitpro/devkitarm/bin/../lib/gcc/arm-none-eabi/4.9.2/../../../../arm-none-eabi/lib/thumb\libc.a(lib_a-mprec.o)
 *fill*         0x080183f4        0x4 ff
 .rodata.__mprec_tens
                0x080183f8       0xc8 c:/devkitpro/devkitarm/bin/../lib/gcc/arm-none-eabi/4.9.2/../../../../arm-none-eabi/lib/thumb\libc.a(lib_a-mprec.o)
                0x080183f8                __mprec_tens
 .rodata.__mprec_bigtens
                0x080184c0       0x28 c:/devkitpro/devkitarm/bin/../lib/gcc/arm-none-eabi/4.9.2/../../../../arm-none-eabi/lib/thumb\libc.a(lib_a-mprec.o)
                0x080184c0                __mprec_bigtens
 .rodata.__mprec_tinytens
                0x080184e8       0x28 c:/devkitpro/devkitarm/bin/../lib/gcc/arm-none-eabi/4.9.2/../../../../arm-none-eabi/lib/thumb\libc.a(lib_a-mprec.o)
                0x080184e8                __mprec_tinytens
 .rodata.get_arg
                0x08018510      0x1f8 c:/devkitpro/devkitarm/bin/../lib/gcc/arm-none-eabi/4.9.2/../../../../arm-none-eabi/lib/thumb\libc.a(lib_a-svfiprintf.o)
 .rodata._svfiprintf_r
                0x08018708      0x16c c:/devkitpro/devkitarm/bin/../lib/gcc/arm-none-eabi/4.9.2/../../../../arm-none-eabi/lib/thumb\libc.a(lib_a-svfiprintf.o)
 .rodata.__state_table
                0x08018874       0x6c c:/devkitpro/devkitarm/bin/../lib/gcc/arm-none-eabi/4.9.2/../../../../arm-none-eabi/lib/thumb\libc.a(lib_a-svfiprintf.o)
                0x08018874                __state_table
 .rodata.blanks.7015
                0x080188e0       0x10 c:/devkitpro/devkitarm/bin/../lib/gcc/arm-none-eabi/4.9.2/../../../../arm-none-eabi/lib/thumb\libc.a(lib_a-svfiprintf.o)
 .rodata.__chclass
                0x080188f0      0x100 c:/devkitpro/devkitarm/bin/../lib/gcc/arm-none-eabi/4.9.2/../../../../arm-none-eabi/lib/thumb\libc.a(lib_a-svfiprintf.o)
                0x080188f0                __chclass
 .rodata.str1.4
                0x080189f0       0x30 c:/devkitpro/devkitarm/bin/../lib/gcc/arm-none-eabi/4.9.2/../../../../arm-none-eabi/lib/thumb\libc.a(lib_a-svfiprintf.o)
 .rodata.__action_table
                0x080189f0       0x6c c:/devkitpro/devkitarm/bin/../lib/gcc/arm-none-eabi/4.9.2/../../../../arm-none-eabi/lib/thumb\libc.a(lib_a-svfiprintf.o)
                0x080189f0                __action_table
 .rodata.zeroes.7016
                0x08018a5c       0x10 c:/devkitpro/devkitarm/bin/../lib/gcc/arm-none-eabi/4.9.2/../../../../arm-none-eabi/lib/thumb\libc.a(lib_a-svfiprintf.o)
 .rodata.str1.4
                0x08018a6c        0x4 c:/devkitpro/devkitarm/bin/../lib/gcc/arm-none-eabi/4.9.2/../../../../arm-none-eabi/lib/thumb\libc.a(lib_a-impure.o)
 .rodata._global_impure_ptr
                0x08018a6c        0x4 c:/devkitpro/devkitarm/bin/../lib/gcc/arm-none-eabi/4.9.2/../../../../arm-none-eabi/lib/thumb\libc.a(lib_a-impure.o)
                0x08018a6c                _global_impure_ptr
 *(.gnu.linkonce.r*)
                0x08018a70                . = ALIGN (0x4)

.ARM.extab
 *(.ARM.extab* .gnu.linkonce.armextab.*)
                0x08018a70                __exidx_start = .

.ARM.exidx
 *(.ARM.exidx* .gnu.linkonce.armexidx.*)
                0x08018a70                __exidx_end = .

.ctors          0x08018a70        0x0
 *crtbegin.o(.ctors)
 *(EXCLUDE_FILE(*crtend.o) .ctors)
 *(SORT(.ctors.*))
 *(.ctors)
                0x08018a70                . = ALIGN (0x4)

.dtors          0x08018a70        0x0
 *crtbegin.o(.dtors)
 *(EXCLUDE_FILE(*crtend.o) .dtors)
 *(SORT(.dtors.*))
 *(.dtors)
                0x08018a70                . = ALIGN (0x4)

.eh_frame       0x08018a70       0x48
 *(.eh_frame)
 .eh_frame      0x08018a70        0x0 c:/devkitpro/devkitarm/bin/../lib/gcc/arm-none-eabi/4.9.2/thumb/crtbegin.o
 .eh_frame      0x08018a70       0x44 c:/devkitpro/devkitarm/bin/../lib/gcc/arm-none-eabi/4.9.2/../../../../arm-none-eabi/lib/thumb\libc.a(lib_a-strcmp.o)
 .eh_frame      0x08018ab4        0x4 c:/devkitpro/devkitarm/bin/../lib/gcc/arm-none-eabi/4.9.2/thumb/crtend.o
                0x08018ab8                . = ALIGN (0x4)

.gcc_except_table
                0x08018ab8        0x0
 *(.gcc_except_table)
                0x08018ab8                . = ALIGN (0x4)
                0x08018ab8                __iwram_lma = .

.iwram          0x03000000       0x84 load address 0x08018ab8
                0x03000000                __iwram_start__ = ABSOLUTE (.)
 *(.iwram)
 .iwram         0x03000000       0x38 tonclib/lib\libtonc.a(tonc_memcpy.o)
                0x03000000                memcpy32
 .iwram         0x03000038       0x4c tonclib/lib\libtonc.a(tonc_memset.o)
                0x03000038                memset32
 *iwram.*(.text)
                0x03000084                . = ALIGN (0x4)
                0x03000084                __iwram_end__ = ABSOLUTE (.)
                0x08018b3c                __data_lma = (__iwram_lma + SIZEOF (.iwram))

.rel.dyn        0x03000084        0x0 load address 0x08018b3c
 .rel.iplt      0x03000084        0x0 c:/devkitpro/devkitarm/bin/../lib/gcc/arm-none-eabi/4.9.2/../../../../arm-none-eabi/lib/thumb/gba_crt0.o

.bss            0x03000084     0x482c
                0x03000084                __bss_start = ABSOLUTE (.)
                0x03000084                __bss_start__ = ABSOLUTE (.)
 *(.dynbss)
 *(.gnu.linkonce.b*)
 *(.bss*)
 .bss           0x03000084        0x0 c:/devkitpro/devkitarm/bin/../lib/gcc/arm-none-eabi/4.9.2/../../../../arm-none-eabi/lib/thumb/gba_crt0.o
 .bss           0x03000084        0x0 c:/devkitpro/devkitarm/bin/../lib/gcc/arm-none-eabi/4.9.2/thumb/crti.o
 .bss           0x03000084       0x1c c:/devkitpro/devkitarm/bin/../lib/gcc/arm-none-eabi/4.9.2/thumb/crtbegin.o
 .bss           0x030000a0       0x30 hello.o
                0x030000a0                damage
                0x030000a4                newScore
                0x030000a8                gamestate
                0x030000ac                bestScore
                0x030000b0                damagebar_ID
                0x030000b4                damagebar_Pal
                0x030000b8                damagebar_X
                0x030000bc                scorebar_Pal
                0x030000c0                bestTry_Pal
                0x030000c4                player_Pal
                0x030000c8                pickup_Pal
                0x030000cc                scroll_Y
 .bss           0x030000d0        0x0 Background.o
 .bss           0x030000d0        0x0 SpriteSheet.o
 .bss           0x030000d0        0x4 tonclib/lib\libtonc.a(tonc_input.o)
                0x030000d0                __key_curr
                0x030000d2                __key_prev
 .bss           0x030000d4        0x0 tonclib/lib\libtonc.a(tonc_oam.o)
 .bss           0x030000d4        0x0 tonclib/lib\libtonc.a(tte_init_se.o)
 .bss           0x030000d4        0x0 tonclib/lib\libtonc.a(tte_main.o)
 .bss           0x030000d4        0x0 tonclib/lib\libtonc.a(tonc_bios.o)
 .bss           0x030000d4        0x0 tonclib/lib\libtonc.a(tonc_bios_ex.o)
 .bss           0x030000d4        0x0 tonclib/lib\libtonc.a(tonc_memcpy.o)
 .bss           0x030000d4        0x0 tonclib/lib\libtonc.a(sys8.o)
 .bss           0x030000d4        0x0 tonclib/lib\libtonc.a(tonc_surface.o)
 .bss           0x030000d4        0x0 tonclib/lib\libtonc.a(se_drawg.o)
 .bss           0x030000d4        0x0 tonclib/lib\libtonc.a(tonc_sbmp16.o)
 .bss           0x030000d4        0x0 tonclib/lib\libtonc.a(tonc_memset.o)
 .bss           0x030000d4        0x0 c:/devkitpro/devkitarm/bin/../lib/gcc/arm-none-eabi/4.9.2/thumb\libgcc.a(_divsi3.o)
 .bss           0x030000d4        0x0 c:/devkitpro/devkitarm/bin/../lib/gcc/arm-none-eabi/4.9.2/thumb\libgcc.a(_dvmd_tls.o)
 .bss           0x030000d4        0x0 c:/devkitpro/devkitarm/bin/../lib/gcc/arm-none-eabi/4.9.2/../../../../arm-none-eabi/lib/thumb\libc.a(lib_a-ctype_.o)
 .bss           0x030000d4        0x0 c:/devkitpro/devkitarm/bin/../lib/gcc/arm-none-eabi/4.9.2/../../../../arm-none-eabi/lib/thumb\libc.a(lib_a-init.o)
 .bss           0x030000d4        0x0 c:/devkitpro/devkitarm/bin/../lib/gcc/arm-none-eabi/4.9.2/../../../../arm-none-eabi/lib/thumb\libc.a(lib_a-memcpy.o)
 .bss           0x030000d4        0x0 c:/devkitpro/devkitarm/bin/../lib/gcc/arm-none-eabi/4.9.2/../../../../arm-none-eabi/lib/thumb\libc.a(lib_a-memset.o)
 .bss           0x030000d4        0x0 c:/devkitpro/devkitarm/bin/../lib/gcc/arm-none-eabi/4.9.2/../../../../arm-none-eabi/lib/thumb\libc.a(lib_a-rand.o)
 .bss           0x030000d4        0x0 c:/devkitpro/devkitarm/bin/../lib/gcc/arm-none-eabi/4.9.2/../../../../arm-none-eabi/lib/thumb\libc.a(lib_a-sprintf.o)
 .bss           0x030000d4        0x0 c:/devkitpro/devkitarm/bin/../lib/gcc/arm-none-eabi/4.9.2/../../../../arm-none-eabi/lib/thumb\libc.a(lib_a-strtol.o)
 .bss           0x030000d4        0x0 c:/devkitpro/devkitarm/bin/../lib/gcc/arm-none-eabi/4.9.2/../../../../arm-none-eabi/lib/thumb\libc.a(lib_a-svfprintf.o)
 .bss           0x030000d4        0x0 c:/devkitpro/devkitarm/bin/../lib/gcc/arm-none-eabi/4.9.2/../../../../arm-none-eabi/lib/thumb\libc.a(lib_a-time.o)
 .bss           0x030000d4        0x0 c:/devkitpro/devkitarm/bin/../lib/gcc/arm-none-eabi/4.9.2/../../../../arm-none-eabi/lib/thumb\libc.a(lib_a-wcrtomb.o)
 .bss           0x030000d4        0x0 c:/devkitpro/devkitarm/bin/../lib/gcc/arm-none-eabi/4.9.2/../../../../arm-none-eabi/lib/thumb\libc.a(lib_a-wcsrtombs.o)
 .bss           0x030000d4        0x0 c:/devkitpro/devkitarm/bin/../lib/gcc/arm-none-eabi/4.9.2/../../../../arm-none-eabi/lib/thumb\libc.a(lib_a-wctomb_r.o)
 .bss           0x030000d4        0x0 c:/devkitpro/devkitarm/bin/../lib/gcc/arm-none-eabi/4.9.2/../../../../arm-none-eabi/lib/thumb\libc.a(lib_a-dtoa.o)
 .bss           0x030000d4        0x0 c:/devkitpro/devkitarm/bin/../lib/gcc/arm-none-eabi/4.9.2/../../../../arm-none-eabi/lib/thumb\libc.a(lib_a-freer.o)
 .bss           0x030000d4        0x0 c:/devkitpro/devkitarm/bin/../lib/gcc/arm-none-eabi/4.9.2/../../../../arm-none-eabi/lib/thumb\libc.a(lib_a-locale.o)
 .bss._PathLocale
                0x030000d4        0x4 c:/devkitpro/devkitarm/bin/../lib/gcc/arm-none-eabi/4.9.2/../../../../arm-none-eabi/lib/thumb\libc.a(lib_a-locale.o)
                0x030000d4                _PathLocale
 .bss.__nlocale_changed
                0x030000d8        0x4 c:/devkitpro/devkitarm/bin/../lib/gcc/arm-none-eabi/4.9.2/../../../../arm-none-eabi/lib/thumb\libc.a(lib_a-locale.o)
                0x030000d8                __nlocale_changed
 .bss.__mlocale_changed
                0x030000dc        0x4 c:/devkitpro/devkitarm/bin/../lib/gcc/arm-none-eabi/4.9.2/../../../../arm-none-eabi/lib/thumb\libc.a(lib_a-locale.o)
                0x030000dc                __mlocale_changed
 .bss.lc_ctype_cjk_lang
                0x030000e0        0x4 c:/devkitpro/devkitarm/bin/../lib/gcc/arm-none-eabi/4.9.2/../../../../arm-none-eabi/lib/thumb\libc.a(lib_a-locale.o)
 .bss.new_categories
                0x030000e4       0xe0 c:/devkitpro/devkitarm/bin/../lib/gcc/arm-none-eabi/4.9.2/../../../../arm-none-eabi/lib/thumb\libc.a(lib_a-locale.o)
 .bss.current_locale_string
                0x030001c4       0xe8 c:/devkitpro/devkitarm/bin/../lib/gcc/arm-none-eabi/4.9.2/../../../../arm-none-eabi/lib/thumb\libc.a(lib_a-locale.o)
 .bss.saved_categories
                0x030002ac       0xe0 c:/devkitpro/devkitarm/bin/../lib/gcc/arm-none-eabi/4.9.2/../../../../arm-none-eabi/lib/thumb\libc.a(lib_a-locale.o)
 .bss           0x0300038c        0x0 c:/devkitpro/devkitarm/bin/../lib/gcc/arm-none-eabi/4.9.2/../../../../arm-none-eabi/lib/thumb\libc.a(lib_a-mallocr.o)
 .bss.__malloc_max_total_mem
                0x0300038c        0x4 c:/devkitpro/devkitarm/bin/../lib/gcc/arm-none-eabi/4.9.2/../../../../arm-none-eabi/lib/thumb\libc.a(lib_a-mallocr.o)
                0x0300038c                __malloc_max_total_mem
 .bss.__malloc_max_sbrked_mem
                0x03000390        0x4 c:/devkitpro/devkitarm/bin/../lib/gcc/arm-none-eabi/4.9.2/../../../../arm-none-eabi/lib/thumb\libc.a(lib_a-mallocr.o)
                0x03000390                __malloc_max_sbrked_mem
 .bss.__malloc_top_pad
                0x03000394        0x4 c:/devkitpro/devkitarm/bin/../lib/gcc/arm-none-eabi/4.9.2/../../../../arm-none-eabi/lib/thumb\libc.a(lib_a-mallocr.o)
                0x03000394                __malloc_top_pad
 .bss.__malloc_current_mallinfo
                0x03000398       0x28 c:/devkitpro/devkitarm/bin/../lib/gcc/arm-none-eabi/4.9.2/../../../../arm-none-eabi/lib/thumb\libc.a(lib_a-mallocr.o)
                0x03000398                __malloc_current_mallinfo
 .bss           0x030003c0        0x0 c:/devkitpro/devkitarm/bin/../lib/gcc/arm-none-eabi/4.9.2/../../../../arm-none-eabi/lib/thumb\libc.a(lib_a-mbtowc_r.o)
 .bss           0x030003c0        0x0 c:/devkitpro/devkitarm/bin/../lib/gcc/arm-none-eabi/4.9.2/../../../../arm-none-eabi/lib/thumb\libc.a(lib_a-memchr.o)
 .bss           0x030003c0        0x0 c:/devkitpro/devkitarm/bin/../lib/gcc/arm-none-eabi/4.9.2/../../../../arm-none-eabi/lib/thumb\libc.a(lib_a-mlock.o)
 .bss           0x030003c0        0x0 c:/devkitpro/devkitarm/bin/../lib/gcc/arm-none-eabi/4.9.2/../../../../arm-none-eabi/lib/thumb\libc.a(lib_a-mprec.o)
 .bss           0x030003c0        0x0 c:/devkitpro/devkitarm/bin/../lib/gcc/arm-none-eabi/4.9.2/../../../../arm-none-eabi/lib/thumb\libc.a(lib_a-s_fpclassify.o)
 .bss           0x030003c0        0x0 c:/devkitpro/devkitarm/bin/../lib/gcc/arm-none-eabi/4.9.2/../../../../arm-none-eabi/lib/thumb\libc.a(lib_a-s_frexp.o)
 .bss           0x030003c0        0x0 c:/devkitpro/devkitarm/bin/../lib/gcc/arm-none-eabi/4.9.2/../../../../arm-none-eabi/lib/thumb\libc.a(lib_a-strcasecmp.o)
 .bss           0x030003c0        0x0 c:/devkitpro/devkitarm/bin/../lib/gcc/arm-none-eabi/4.9.2/../../../../arm-none-eabi/lib/thumb\libc.a(lib_a-strcat.o)
 .bss           0x030003c0        0x0 c:/devkitpro/devkitarm/bin/../lib/gcc/arm-none-eabi/4.9.2/../../../../arm-none-eabi/lib/thumb\libc.a(lib_a-strchr.o)
 .bss           0x030003c0        0x0 c:/devkitpro/devkitarm/bin/../lib/gcc/arm-none-eabi/4.9.2/../../../../arm-none-eabi/lib/thumb\libc.a(lib_a-strcmp.o)
 .bss           0x030003c0        0x0 c:/devkitpro/devkitarm/bin/../lib/gcc/arm-none-eabi/4.9.2/../../../../arm-none-eabi/lib/thumb\libc.a(lib_a-strcpy.o)
 .bss           0x030003c0        0x0 c:/devkitpro/devkitarm/bin/../lib/gcc/arm-none-eabi/4.9.2/../../../../arm-none-eabi/lib/thumb\libc.a(lib_a-strlcpy.o)
 .bss           0x030003c0        0x0 c:/devkitpro/devkitarm/bin/../lib/gcc/arm-none-eabi/4.9.2/../../../../arm-none-eabi/lib/thumb\libc.a(lib_a-strlen.o)
 .bss           0x030003c0        0x0 c:/devkitpro/devkitarm/bin/../lib/gcc/arm-none-eabi/4.9.2/../../../../arm-none-eabi/lib/thumb\libc.a(lib_a-strncasecmp.o)
 .bss           0x030003c0        0x0 c:/devkitpro/devkitarm/bin/../lib/gcc/arm-none-eabi/4.9.2/../../../../arm-none-eabi/lib/thumb\libc.a(lib_a-strncmp.o)
 .bss           0x030003c0        0x0 c:/devkitpro/devkitarm/bin/../lib/gcc/arm-none-eabi/4.9.2/../../../../arm-none-eabi/lib/thumb\libc.a(lib_a-strncpy.o)
 .bss           0x030003c0        0x0 c:/devkitpro/devkitarm/bin/../lib/gcc/arm-none-eabi/4.9.2/../../../../arm-none-eabi/lib/thumb\libc.a(lib_a-svfiprintf.o)
 .bss           0x030003c0        0x0 c:/devkitpro/devkitarm/bin/../lib/gcc/arm-none-eabi/4.9.2/../../../../arm-none-eabi/lib/thumb\libc.a(lib_a-wcsnrtombs.o)
 .bss           0x030003c0        0x0 c:/devkitpro/devkitarm/bin/../lib/gcc/arm-none-eabi/4.9.2/../../../../arm-none-eabi/lib/thumb\libc.a(lib_a-callocr.o)
 .bss           0x030003c0        0x0 c:/devkitpro/devkitarm/bin/../lib/gcc/arm-none-eabi/4.9.2/../../../../arm-none-eabi/lib/thumb\libc.a(lib_a-getenv_r.o)
 .bss           0x030003c0        0x0 c:/devkitpro/devkitarm/bin/../lib/gcc/arm-none-eabi/4.9.2/../../../../arm-none-eabi/lib/thumb\libc.a(lib_a-memmove.o)
 .bss           0x030003c0        0x0 c:/devkitpro/devkitarm/bin/../lib/gcc/arm-none-eabi/4.9.2/../../../../arm-none-eabi/lib/thumb\libc.a(lib_a-reallocr.o)
 .bss           0x030003c0        0x0 c:/devkitpro/devkitarm/bin/../lib/gcc/arm-none-eabi/4.9.2/../../../../arm-none-eabi/lib/thumb\libc.a(lib_a-environ.o)
 .bss.initial_env
                0x030003c0        0x4 c:/devkitpro/devkitarm/bin/../lib/gcc/arm-none-eabi/4.9.2/../../../../arm-none-eabi/lib/thumb\libc.a(lib_a-environ.o)
 .bss           0x030003c4        0x0 c:/devkitpro/devkitarm/bin/../lib/gcc/arm-none-eabi/4.9.2/../../../../arm-none-eabi/lib/thumb\libc.a(lib_a-envlock.o)
 .bss           0x030003c4        0x0 c:/devkitpro/devkitarm/bin/../lib/gcc/arm-none-eabi/4.9.2/../../../../arm-none-eabi/lib/thumb\libsysbase.a(gettod.o)
 .bss           0x030003c4        0x4 c:/devkitpro/devkitarm/bin/../lib/gcc/arm-none-eabi/4.9.2/../../../../arm-none-eabi/lib/thumb\libsysbase.a(sbrk.o)
 .bss           0x030003c8        0x8 c:/devkitpro/devkitarm/bin/../lib/gcc/arm-none-eabi/4.9.2/../../../../arm-none-eabi/lib/thumb\libsysbase.a(malloc_vars.o)
                0x030003c8                fake_heap_start
                0x030003cc                fake_heap_end
 .bss           0x030003d0       0x40 c:/devkitpro/devkitarm/bin/../lib/gcc/arm-none-eabi/4.9.2/../../../../arm-none-eabi/lib/thumb\libsysbase.a(syscall_support.o)
                0x030003d0                __syscalls
 .bss           0x03000410        0x0 c:/devkitpro/devkitarm/bin/../lib/gcc/arm-none-eabi/4.9.2/../../../../arm-none-eabi/lib/thumb\libsysbase.a(getreent.o)
 .bss           0x03000410        0x0 c:/devkitpro/devkitarm/bin/../lib/gcc/arm-none-eabi/4.9.2/thumb\libgcc.a(_udivsi3.o)
 .bss           0x03000410        0x0 c:/devkitpro/devkitarm/bin/../lib/gcc/arm-none-eabi/4.9.2/thumb\libgcc.a(_arm_addsubdf3.o)
 .bss           0x03000410        0x0 c:/devkitpro/devkitarm/bin/../lib/gcc/arm-none-eabi/4.9.2/thumb\libgcc.a(_arm_muldivdf3.o)
 .bss           0x03000410        0x0 c:/devkitpro/devkitarm/bin/../lib/gcc/arm-none-eabi/4.9.2/thumb\libgcc.a(_arm_cmpdf2.o)
 .bss           0x03000410        0x0 c:/devkitpro/devkitarm/bin/../lib/gcc/arm-none-eabi/4.9.2/thumb\libgcc.a(_arm_fixdfsi.o)
 .bss           0x03000410        0x0 c:/devkitpro/devkitarm/bin/../lib/gcc/arm-none-eabi/4.9.2/thumb\libgcc.a(_aeabi_uldivmod.o)
 .bss           0x03000410        0x0 c:/devkitpro/devkitarm/bin/../lib/gcc/arm-none-eabi/4.9.2/thumb\libgcc.a(_muldi3.o)
 .bss           0x03000410        0x0 c:/devkitpro/devkitarm/bin/../lib/gcc/arm-none-eabi/4.9.2/thumb\libgcc.a(bpabi.o)
 .bss           0x03000410        0x0 c:/devkitpro/devkitarm/bin/../lib/gcc/arm-none-eabi/4.9.2/thumb\libgcc.a(_divdi3.o)
 .bss           0x03000410        0x0 c:/devkitpro/devkitarm/bin/../lib/gcc/arm-none-eabi/4.9.2/thumb\libgcc.a(_udivdi3.o)
 .bss           0x03000410        0x0 c:/devkitpro/devkitarm/bin/../lib/gcc/arm-none-eabi/4.9.2/thumb\libgcc.a(_clzdi2.o)
 .bss           0x03000410        0x0 c:/devkitpro/devkitarm/bin/../lib/gcc/arm-none-eabi/4.9.2/thumb\libgcc.a(_clzsi2.o)
 .bss           0x03000410        0x0 c:/devkitpro/devkitarm/bin/../lib/gcc/arm-none-eabi/4.9.2/../../../../arm-none-eabi/lib/thumb\libc.a(lib_a-impure.o)
 .bss           0x03000410        0x0 c:/devkitpro/devkitarm/bin/../lib/gcc/arm-none-eabi/4.9.2/thumb/crtend.o
 .bss           0x03000410        0x0 c:/devkitpro/devkitarm/bin/../lib/gcc/arm-none-eabi/4.9.2/thumb/crtn.o
 *(COMMON)
 COMMON         0x03000410     0x4458 hello.o
                0x03000410                traffic_SizeY
                0x03000430                DamageBar
                0x03000434                isLucky
                0x03000438                j
                0x0300043c                pickup_Speed
                0x03000440                timer
                0x03000444                explosion_X
                0x030004bc                explosion_ID
                0x03000534                isShield
                0x03000538                bullet_SizeY
                0x03000540                traffic_Y
                0x03000560                isShot
                0x03000564                weapon_Y
                0x0300056c                pickup_Y
                0x03000570                k
                0x03000574                bullet_Y
                0x0300057c                explosion_Y
                0x030005f4                BestTry2
                0x030005f8                weapon_Pal
                0x03000600                weapon_Ammo
                0x03000608                HighScore
                0x0300063c                Pickup
                0x03000640                Weapon
                0x03000644                i
                0x03000648                bullet_ID
                0x03000650                Bullet
                0x03000654                Motorcicle
                0x03000658                weapon_ID
                0x03000660                traffic_SizeX
                0x03000680                traffic_ID
                0x030006a0                obj_buffer
                0x030046a0                isWield
                0x030046a4                ScoreBar
                0x030046a8                BestTry
                0x030046ac                DamageBar2
                0x030046b0                explosion_Pal
                0x03004728                bullet_Pal
                0x03004730                Explosion
                0x03004734                isBig
                0x0300473c                traffic_Speed
                0x0300475c                bullet_X
                0x03004764                isExploding
                0x03004784                Truck
                0x03004788                Player
                0x0300478c                pickup_X
                0x03004790                explosion_Speed
                0x03004808                bullet_SizeX
                0x03004810                restart
                0x03004814                bullet_Speed
                0x0300481c                ScoreBar2
                0x03004820                Flashycar
                0x03004824                Racecar
                0x03004828                traffic_Pal
                0x03004848                traffic_X
 COMMON         0x03004868       0x48 tonclib/lib\libtonc.a(tte_main.o)
                0x03004868                __tte_main_context
                0x030048b0                . = ALIGN (0x4)
                0x030048b0                __bss_end__ = ABSOLUTE (.)

.data           0x030048b0      0xa24 load address 0x08018b3c
                0x030048b0                __data_start__ = ABSOLUTE (.)
 *(.data)
 .data          0x030048b0        0x0 c:/devkitpro/devkitarm/bin/../lib/gcc/arm-none-eabi/4.9.2/../../../../arm-none-eabi/lib/thumb/gba_crt0.o
 .data          0x030048b0        0x0 c:/devkitpro/devkitarm/bin/../lib/gcc/arm-none-eabi/4.9.2/thumb/crti.o
 .data          0x030048b0        0x4 c:/devkitpro/devkitarm/bin/../lib/gcc/arm-none-eabi/4.9.2/thumb/crtbegin.o
                0x030048b0                __dso_handle
 .data          0x030048b4       0x48 hello.o
                0x030048b4                offScreen
                0x030048b8                player_Y
                0x030048bc                player_X
                0x030048c0                pickup_ID
                0x030048c4                player_SizeX
                0x030048c8                player_SizeY
                0x030048cc                pickup_SizeX
                0x030048d0                pickup_SizeY
                0x030048d4                damagebar_Y
                0x030048d8                scorebar_ID
                0x030048dc                scorebar_X
                0x030048e0                scorebar_Y
                0x030048e4                bestTry_ID
                0x030048e8                bestTry_X
                0x030048ec                bestTry_Y
                0x030048f0                player_ID
                0x030048f4                scroll_X
                0x030048f8                obj_aff_buffer
 .data          0x030048fc        0x0 Background.o
 .data          0x030048fc        0x0 SpriteSheet.o
 .data          0x030048fc        0x8 tonclib/lib\libtonc.a(tonc_input.o)
                0x030048fc                __key_rpt
 .data          0x03004904        0x0 tonclib/lib\libtonc.a(tonc_oam.o)
 .data          0x03004904        0x0 tonclib/lib\libtonc.a(tte_init_se.o)
 .data          0x03004904        0x4 tonclib/lib\libtonc.a(tte_main.o)
                0x03004904                gp_tte_context
 .data          0x03004908        0x0 tonclib/lib\libtonc.a(tonc_bios.o)
 .data          0x03004908        0x0 tonclib/lib\libtonc.a(tonc_bios_ex.o)
 .data          0x03004908        0x0 tonclib/lib\libtonc.a(tonc_memcpy.o)
 .data          0x03004908        0x0 tonclib/lib\libtonc.a(sys8.o)
 .data          0x03004908        0x0 tonclib/lib\libtonc.a(tonc_surface.o)
 .data          0x03004908        0x0 tonclib/lib\libtonc.a(se_drawg.o)
 .data          0x03004908        0x0 tonclib/lib\libtonc.a(tonc_sbmp16.o)
 .data          0x03004908        0x0 tonclib/lib\libtonc.a(tonc_memset.o)
 .data          0x03004908        0x0 c:/devkitpro/devkitarm/bin/../lib/gcc/arm-none-eabi/4.9.2/thumb\libgcc.a(_divsi3.o)
 .data          0x03004908        0x0 c:/devkitpro/devkitarm/bin/../lib/gcc/arm-none-eabi/4.9.2/thumb\libgcc.a(_dvmd_tls.o)
 .data          0x03004908        0x0 c:/devkitpro/devkitarm/bin/../lib/gcc/arm-none-eabi/4.9.2/../../../../arm-none-eabi/lib/thumb\libc.a(lib_a-ctype_.o)
 .data          0x03004908        0x0 c:/devkitpro/devkitarm/bin/../lib/gcc/arm-none-eabi/4.9.2/../../../../arm-none-eabi/lib/thumb\libc.a(lib_a-init.o)
 .data          0x03004908        0x0 c:/devkitpro/devkitarm/bin/../lib/gcc/arm-none-eabi/4.9.2/../../../../arm-none-eabi/lib/thumb\libc.a(lib_a-memcpy.o)
 .data          0x03004908        0x0 c:/devkitpro/devkitarm/bin/../lib/gcc/arm-none-eabi/4.9.2/../../../../arm-none-eabi/lib/thumb\libc.a(lib_a-memset.o)
 .data          0x03004908        0x0 c:/devkitpro/devkitarm/bin/../lib/gcc/arm-none-eabi/4.9.2/../../../../arm-none-eabi/lib/thumb\libc.a(lib_a-rand.o)
 .data          0x03004908        0x0 c:/devkitpro/devkitarm/bin/../lib/gcc/arm-none-eabi/4.9.2/../../../../arm-none-eabi/lib/thumb\libc.a(lib_a-sprintf.o)
 .data          0x03004908        0x0 c:/devkitpro/devkitarm/bin/../lib/gcc/arm-none-eabi/4.9.2/../../../../arm-none-eabi/lib/thumb\libc.a(lib_a-strtol.o)
 .data          0x03004908        0x0 c:/devkitpro/devkitarm/bin/../lib/gcc/arm-none-eabi/4.9.2/../../../../arm-none-eabi/lib/thumb\libc.a(lib_a-svfprintf.o)
 .data          0x03004908        0x0 c:/devkitpro/devkitarm/bin/../lib/gcc/arm-none-eabi/4.9.2/../../../../arm-none-eabi/lib/thumb\libc.a(lib_a-time.o)
 .data          0x03004908        0x0 c:/devkitpro/devkitarm/bin/../lib/gcc/arm-none-eabi/4.9.2/../../../../arm-none-eabi/lib/thumb\libc.a(lib_a-wcrtomb.o)
 .data          0x03004908        0x0 c:/devkitpro/devkitarm/bin/../lib/gcc/arm-none-eabi/4.9.2/../../../../arm-none-eabi/lib/thumb\libc.a(lib_a-wcsrtombs.o)
 .data          0x03004908        0x0 c:/devkitpro/devkitarm/bin/../lib/gcc/arm-none-eabi/4.9.2/../../../../arm-none-eabi/lib/thumb\libc.a(lib_a-wctomb_r.o)
 .data          0x03004908        0x0 c:/devkitpro/devkitarm/bin/../lib/gcc/arm-none-eabi/4.9.2/../../../../arm-none-eabi/lib/thumb\libc.a(lib_a-dtoa.o)
 .data          0x03004908        0x0 c:/devkitpro/devkitarm/bin/../lib/gcc/arm-none-eabi/4.9.2/../../../../arm-none-eabi/lib/thumb\libc.a(lib_a-freer.o)
 .data          0x03004908        0x0 c:/devkitpro/devkitarm/bin/../lib/gcc/arm-none-eabi/4.9.2/../../../../arm-none-eabi/lib/thumb\libc.a(lib_a-locale.o)
 .data          0x03004908        0x0 c:/devkitpro/devkitarm/bin/../lib/gcc/arm-none-eabi/4.9.2/../../../../arm-none-eabi/lib/thumb\libc.a(lib_a-mallocr.o)
 .data          0x03004908        0x0 c:/devkitpro/devkitarm/bin/../lib/gcc/arm-none-eabi/4.9.2/../../../../arm-none-eabi/lib/thumb\libc.a(lib_a-mbtowc_r.o)
 .data          0x03004908        0x0 c:/devkitpro/devkitarm/bin/../lib/gcc/arm-none-eabi/4.9.2/../../../../arm-none-eabi/lib/thumb\libc.a(lib_a-memchr.o)
 .data          0x03004908        0x0 c:/devkitpro/devkitarm/bin/../lib/gcc/arm-none-eabi/4.9.2/../../../../arm-none-eabi/lib/thumb\libc.a(lib_a-mlock.o)
 .data          0x03004908        0x0 c:/devkitpro/devkitarm/bin/../lib/gcc/arm-none-eabi/4.9.2/../../../../arm-none-eabi/lib/thumb\libc.a(lib_a-mprec.o)
 .data          0x03004908        0x0 c:/devkitpro/devkitarm/bin/../lib/gcc/arm-none-eabi/4.9.2/../../../../arm-none-eabi/lib/thumb\libc.a(lib_a-s_fpclassify.o)
 .data          0x03004908        0x0 c:/devkitpro/devkitarm/bin/../lib/gcc/arm-none-eabi/4.9.2/../../../../arm-none-eabi/lib/thumb\libc.a(lib_a-s_frexp.o)
 .data          0x03004908        0x0 c:/devkitpro/devkitarm/bin/../lib/gcc/arm-none-eabi/4.9.2/../../../../arm-none-eabi/lib/thumb\libc.a(lib_a-strcasecmp.o)
 .data          0x03004908        0x0 c:/devkitpro/devkitarm/bin/../lib/gcc/arm-none-eabi/4.9.2/../../../../arm-none-eabi/lib/thumb\libc.a(lib_a-strcat.o)
 .data          0x03004908        0x0 c:/devkitpro/devkitarm/bin/../lib/gcc/arm-none-eabi/4.9.2/../../../../arm-none-eabi/lib/thumb\libc.a(lib_a-strchr.o)
 .data          0x03004908        0x0 c:/devkitpro/devkitarm/bin/../lib/gcc/arm-none-eabi/4.9.2/../../../../arm-none-eabi/lib/thumb\libc.a(lib_a-strcmp.o)
 .data          0x03004908        0x0 c:/devkitpro/devkitarm/bin/../lib/gcc/arm-none-eabi/4.9.2/../../../../arm-none-eabi/lib/thumb\libc.a(lib_a-strcpy.o)
 .data          0x03004908        0x0 c:/devkitpro/devkitarm/bin/../lib/gcc/arm-none-eabi/4.9.2/../../../../arm-none-eabi/lib/thumb\libc.a(lib_a-strlcpy.o)
 .data          0x03004908        0x0 c:/devkitpro/devkitarm/bin/../lib/gcc/arm-none-eabi/4.9.2/../../../../arm-none-eabi/lib/thumb\libc.a(lib_a-strlen.o)
 .data          0x03004908        0x0 c:/devkitpro/devkitarm/bin/../lib/gcc/arm-none-eabi/4.9.2/../../../../arm-none-eabi/lib/thumb\libc.a(lib_a-strncasecmp.o)
 .data          0x03004908        0x0 c:/devkitpro/devkitarm/bin/../lib/gcc/arm-none-eabi/4.9.2/../../../../arm-none-eabi/lib/thumb\libc.a(lib_a-strncmp.o)
 .data          0x03004908        0x0 c:/devkitpro/devkitarm/bin/../lib/gcc/arm-none-eabi/4.9.2/../../../../arm-none-eabi/lib/thumb\libc.a(lib_a-strncpy.o)
 .data          0x03004908        0x0 c:/devkitpro/devkitarm/bin/../lib/gcc/arm-none-eabi/4.9.2/../../../../arm-none-eabi/lib/thumb\libc.a(lib_a-svfiprintf.o)
 .data          0x03004908        0x0 c:/devkitpro/devkitarm/bin/../lib/gcc/arm-none-eabi/4.9.2/../../../../arm-none-eabi/lib/thumb\libc.a(lib_a-wcsnrtombs.o)
 .data          0x03004908        0x0 c:/devkitpro/devkitarm/bin/../lib/gcc/arm-none-eabi/4.9.2/../../../../arm-none-eabi/lib/thumb\libc.a(lib_a-callocr.o)
 .data          0x03004908        0x0 c:/devkitpro/devkitarm/bin/../lib/gcc/arm-none-eabi/4.9.2/../../../../arm-none-eabi/lib/thumb\libc.a(lib_a-getenv_r.o)
 .data          0x03004908        0x0 c:/devkitpro/devkitarm/bin/../lib/gcc/arm-none-eabi/4.9.2/../../../../arm-none-eabi/lib/thumb\libc.a(lib_a-memmove.o)
 .data          0x03004908        0x0 c:/devkitpro/devkitarm/bin/../lib/gcc/arm-none-eabi/4.9.2/../../../../arm-none-eabi/lib/thumb\libc.a(lib_a-reallocr.o)
 .data          0x03004908        0x0 c:/devkitpro/devkitarm/bin/../lib/gcc/arm-none-eabi/4.9.2/../../../../arm-none-eabi/lib/thumb\libc.a(lib_a-environ.o)
 .data          0x03004908        0x0 c:/devkitpro/devkitarm/bin/../lib/gcc/arm-none-eabi/4.9.2/../../../../arm-none-eabi/lib/thumb\libc.a(lib_a-envlock.o)
 .data          0x03004908        0x0 c:/devkitpro/devkitarm/bin/../lib/gcc/arm-none-eabi/4.9.2/../../../../arm-none-eabi/lib/thumb\libsysbase.a(gettod.o)
 .data          0x03004908        0x0 c:/devkitpro/devkitarm/bin/../lib/gcc/arm-none-eabi/4.9.2/../../../../arm-none-eabi/lib/thumb\libsysbase.a(sbrk.o)
 .data          0x03004908        0x0 c:/devkitpro/devkitarm/bin/../lib/gcc/arm-none-eabi/4.9.2/../../../../arm-none-eabi/lib/thumb\libsysbase.a(malloc_vars.o)
 .data          0x03004908        0x0 c:/devkitpro/devkitarm/bin/../lib/gcc/arm-none-eabi/4.9.2/../../../../arm-none-eabi/lib/thumb\libsysbase.a(syscall_support.o)
 .data          0x03004908        0x0 c:/devkitpro/devkitarm/bin/../lib/gcc/arm-none-eabi/4.9.2/../../../../arm-none-eabi/lib/thumb\libsysbase.a(getreent.o)
 .data          0x03004908        0x0 c:/devkitpro/devkitarm/bin/../lib/gcc/arm-none-eabi/4.9.2/thumb\libgcc.a(_udivsi3.o)
 .data          0x03004908        0x0 c:/devkitpro/devkitarm/bin/../lib/gcc/arm-none-eabi/4.9.2/thumb\libgcc.a(_arm_addsubdf3.o)
 .data          0x03004908        0x0 c:/devkitpro/devkitarm/bin/../lib/gcc/arm-none-eabi/4.9.2/thumb\libgcc.a(_arm_muldivdf3.o)
 .data          0x03004908        0x0 c:/devkitpro/devkitarm/bin/../lib/gcc/arm-none-eabi/4.9.2/thumb\libgcc.a(_arm_cmpdf2.o)
 .data          0x03004908        0x0 c:/devkitpro/devkitarm/bin/../lib/gcc/arm-none-eabi/4.9.2/thumb\libgcc.a(_arm_fixdfsi.o)
 .data          0x03004908        0x0 c:/devkitpro/devkitarm/bin/../lib/gcc/arm-none-eabi/4.9.2/thumb\libgcc.a(_aeabi_uldivmod.o)
 .data          0x03004908        0x0 c:/devkitpro/devkitarm/bin/../lib/gcc/arm-none-eabi/4.9.2/thumb\libgcc.a(_muldi3.o)
 .data          0x03004908        0x0 c:/devkitpro/devkitarm/bin/../lib/gcc/arm-none-eabi/4.9.2/thumb\libgcc.a(bpabi.o)
 .data          0x03004908        0x0 c:/devkitpro/devkitarm/bin/../lib/gcc/arm-none-eabi/4.9.2/thumb\libgcc.a(_divdi3.o)
 .data          0x03004908        0x0 c:/devkitpro/devkitarm/bin/../lib/gcc/arm-none-eabi/4.9.2/thumb\libgcc.a(_udivdi3.o)
 .data          0x03004908        0x0 c:/devkitpro/devkitarm/bin/../lib/gcc/arm-none-eabi/4.9.2/thumb\libgcc.a(_clzdi2.o)
 .data          0x03004908        0x0 c:/devkitpro/devkitarm/bin/../lib/gcc/arm-none-eabi/4.9.2/thumb\libgcc.a(_clzsi2.o)
 .data          0x03004908        0x0 c:/devkitpro/devkitarm/bin/../lib/gcc/arm-none-eabi/4.9.2/../../../../arm-none-eabi/lib/thumb\libc.a(lib_a-impure.o)
 .data          0x03004908        0x0 c:/devkitpro/devkitarm/bin/../lib/gcc/arm-none-eabi/4.9.2/thumb/crtend.o
 .data          0x03004908        0x0 c:/devkitpro/devkitarm/bin/../lib/gcc/arm-none-eabi/4.9.2/thumb/crtn.o
 *(.data.*)
 .data.__ctype_ptr__
                0x03004908        0x4 c:/devkitpro/devkitarm/bin/../lib/gcc/arm-none-eabi/4.9.2/../../../../arm-none-eabi/lib/thumb\libc.a(lib_a-ctype_.o)
                0x03004908                __ctype_ptr__
 .data.__wctomb
                0x0300490c        0x4 c:/devkitpro/devkitarm/bin/../lib/gcc/arm-none-eabi/4.9.2/../../../../arm-none-eabi/lib/thumb\libc.a(lib_a-wctomb_r.o)
                0x0300490c                __wctomb
 .data.lc_message_charset
                0x03004910       0x20 c:/devkitpro/devkitarm/bin/../lib/gcc/arm-none-eabi/4.9.2/../../../../arm-none-eabi/lib/thumb\libc.a(lib_a-locale.o)
 .data.lconv    0x03004930       0x38 c:/devkitpro/devkitarm/bin/../lib/gcc/arm-none-eabi/4.9.2/../../../../arm-none-eabi/lib/thumb\libc.a(lib_a-locale.o)
 .data.current_categories
                0x03004968       0xe0 c:/devkitpro/devkitarm/bin/../lib/gcc/arm-none-eabi/4.9.2/../../../../arm-none-eabi/lib/thumb\libc.a(lib_a-locale.o)
 .data.lc_ctype_charset
                0x03004a48       0x20 c:/devkitpro/devkitarm/bin/../lib/gcc/arm-none-eabi/4.9.2/../../../../arm-none-eabi/lib/thumb\libc.a(lib_a-locale.o)
 .data.__default_locale
                0x03004a68       0x20 c:/devkitpro/devkitarm/bin/../lib/gcc/arm-none-eabi/4.9.2/../../../../arm-none-eabi/lib/thumb\libc.a(lib_a-locale.o)
                0x03004a68                __default_locale
 .data.__mb_cur_max
                0x03004a88        0x4 c:/devkitpro/devkitarm/bin/../lib/gcc/arm-none-eabi/4.9.2/../../../../arm-none-eabi/lib/thumb\libc.a(lib_a-locale.o)
                0x03004a88                __mb_cur_max
 .data.__malloc_av_
                0x03004a8c      0x408 c:/devkitpro/devkitarm/bin/../lib/gcc/arm-none-eabi/4.9.2/../../../../arm-none-eabi/lib/thumb\libc.a(lib_a-mallocr.o)
                0x03004a8c                __malloc_av_
 .data.__malloc_trim_threshold
                0x03004e94        0x4 c:/devkitpro/devkitarm/bin/../lib/gcc/arm-none-eabi/4.9.2/../../../../arm-none-eabi/lib/thumb\libc.a(lib_a-mallocr.o)
                0x03004e94                __malloc_trim_threshold
 .data.__malloc_sbrk_base
                0x03004e98        0x4 c:/devkitpro/devkitarm/bin/../lib/gcc/arm-none-eabi/4.9.2/../../../../arm-none-eabi/lib/thumb\libc.a(lib_a-mallocr.o)
                0x03004e98                __malloc_sbrk_base
 .data.__mbtowc
                0x03004e9c        0x4 c:/devkitpro/devkitarm/bin/../lib/gcc/arm-none-eabi/4.9.2/../../../../arm-none-eabi/lib/thumb\libc.a(lib_a-mbtowc_r.o)
                0x03004e9c                __mbtowc
 .data.environ  0x03004ea0        0x4 c:/devkitpro/devkitarm/bin/../lib/gcc/arm-none-eabi/4.9.2/../../../../arm-none-eabi/lib/thumb\libc.a(lib_a-environ.o)
                0x03004ea0                environ
 *fill*         0x03004ea4        0x4 ff
 .data.impure_data
                0x03004ea8      0x428 c:/devkitpro/devkitarm/bin/../lib/gcc/arm-none-eabi/4.9.2/../../../../arm-none-eabi/lib/thumb\libc.a(lib_a-impure.o)
 .data._impure_ptr
                0x030052d0        0x4 c:/devkitpro/devkitarm/bin/../lib/gcc/arm-none-eabi/4.9.2/../../../../arm-none-eabi/lib/thumb\libc.a(lib_a-impure.o)
                0x030052d0                _impure_ptr
 *(.gnu.linkonce.d*)
                0x030052d4                . = ALIGN (0x4)
                0x08019560                __preinit_lma = (__data_lma + SIZEOF (.data))

.igot.plt       0x030052d4        0x0 load address 0x08019560
 .igot.plt      0x030052d4        0x0 c:/devkitpro/devkitarm/bin/../lib/gcc/arm-none-eabi/4.9.2/../../../../arm-none-eabi/lib/thumb/gba_crt0.o

.tm_clone_table
                0x030052d4        0x0 load address 0x08019560
 .tm_clone_table
                0x030052d4        0x0 c:/devkitpro/devkitarm/bin/../lib/gcc/arm-none-eabi/4.9.2/thumb/crtbegin.o
 .tm_clone_table
                0x030052d4        0x0 c:/devkitpro/devkitarm/bin/../lib/gcc/arm-none-eabi/4.9.2/thumb/crtend.o

.preinit_array  0x030052d4        0x0 load address 0x08019560
                0x030052d4                __preinit_array_start = ABSOLUTE (.)
 *(.preinit_array)
                0x030052d4                __preinit_array_end = ABSOLUTE (.)
                0x08019560                __init_lma = (__preinit_lma + SIZEOF (.preinit_array))

.init_array     0x030052d4        0x4 load address 0x08019560
                0x030052d4                __init_array_start = ABSOLUTE (.)
 *(SORT(.init_array.*))
 *(.init_array)
 .init_array    0x030052d4        0x4 c:/devkitpro/devkitarm/bin/../lib/gcc/arm-none-eabi/4.9.2/thumb/crtbegin.o
                0x030052d8                __init_array_end = ABSOLUTE (.)
                0x08019564                __fini_lma = (__init_lma + SIZEOF (.init_array))

.fini_array     0x030052d8        0x4 load address 0x08019564
                0x030052d8                __fini_array_start = ABSOLUTE (.)
 *(SORT(.fini_array.*))
 *(.fini_array)
 .fini_array    0x030052d8        0x4 c:/devkitpro/devkitarm/bin/../lib/gcc/arm-none-eabi/4.9.2/thumb/crtbegin.o
                0x030052dc                __fini_array_end = ABSOLUTE (.)
                0x08019568                __jcr_lma = (__fini_lma + SIZEOF (.fini_array))

.jcr            0x030052dc        0x4 load address 0x08019568
 *(.jcr)
 .jcr           0x030052dc        0x0 c:/devkitpro/devkitarm/bin/../lib/gcc/arm-none-eabi/4.9.2/thumb/crtbegin.o
 .jcr           0x030052dc        0x4 c:/devkitpro/devkitarm/bin/../lib/gcc/arm-none-eabi/4.9.2/thumb/crtend.o
                0x030052e0                __data_end__ = ABSOLUTE (.)
                0x0801956c                __iwram_overlay_lma = (__jcr_lma + SIZEOF (.jcr))
                0x030052e0                __iwram_overlay_start = .

.iwram0         0x030052e0        0x0 load address 0x0801956c
 *(.iwram0)
                0x030052e0                . = ALIGN (0x4)
                0x0801956c                PROVIDE (__load_start_iwram0, LOADADDR (.iwram0))
                0x0801956c                PROVIDE (__load_stop_iwram0, (LOADADDR (.iwram0) + SIZEOF (.iwram0)))

.iwram1         0x030052e0        0x0
 *(.iwram1)
                0x030052e0                . = ALIGN (0x4)
                0x030052e0                PROVIDE (__load_start_iwram1, LOADADDR (.iwram1))
                0x030052e0                PROVIDE (__load_stop_iwram1, (LOADADDR (.iwram1) + SIZEOF (.iwram1)))

.iwram2         0x030052e0        0x0
 *(.iwram2)
                0x030052e0                . = ALIGN (0x4)
                0x030052e0                PROVIDE (__load_start_iwram2, LOADADDR (.iwram2))
                0x030052e0                PROVIDE (__load_stop_iwram2, (LOADADDR (.iwram2) + SIZEOF (.iwram2)))

.iwram3         0x030052e0        0x0
 *(.iwram3)
                0x030052e0                . = ALIGN (0x4)
                0x030052e0                PROVIDE (__load_start_iwram3, LOADADDR (.iwram3))
                0x030052e0                PROVIDE (__load_stop_iwram3, (LOADADDR (.iwram3) + SIZEOF (.iwram3)))

.iwram4         0x030052e0        0x0
 *(.iwram4)
                0x030052e0                . = ALIGN (0x4)
                0x030052e0                PROVIDE (__load_start_iwram4, LOADADDR (.iwram4))
                0x030052e0                PROVIDE (__load_stop_iwram4, (LOADADDR (.iwram4) + SIZEOF (.iwram4)))

.iwram5         0x030052e0        0x0
 *(.iwram5)
                0x030052e0                . = ALIGN (0x4)
                0x030052e0                PROVIDE (__load_start_iwram5, LOADADDR (.iwram5))
                0x030052e0                PROVIDE (__load_stop_iwram5, (LOADADDR (.iwram5) + SIZEOF (.iwram5)))

.iwram6         0x030052e0        0x0
 *(.iwram6)
                0x030052e0                . = ALIGN (0x4)
                0x030052e0                PROVIDE (__load_start_iwram6, LOADADDR (.iwram6))
                0x030052e0                PROVIDE (__load_stop_iwram6, (LOADADDR (.iwram6) + SIZEOF (.iwram6)))

.iwram7         0x030052e0        0x0
 *(.iwram7)
                0x030052e0                . = ALIGN (0x4)
                0x030052e0                PROVIDE (__load_start_iwram7, LOADADDR (.iwram7))
                0x030052e0                PROVIDE (__load_stop_iwram7, (LOADADDR (.iwram7) + SIZEOF (.iwram7)))

.iwram8         0x030052e0        0x0
 *(.iwram8)
                0x030052e0                . = ALIGN (0x4)
                0x030052e0                PROVIDE (__load_start_iwram8, LOADADDR (.iwram8))
                0x030052e0                PROVIDE (__load_stop_iwram8, (LOADADDR (.iwram8) + SIZEOF (.iwram8)))

.iwram9         0x030052e0        0x0
 *(.iwram9)
                0x030052e0                . = ALIGN (0x4)
                0x030052e0                PROVIDE (__load_start_iwram9, LOADADDR (.iwram9))
                0x030052e0                PROVIDE (__load_stop_iwram9, (LOADADDR (.iwram9) + SIZEOF (.iwram9)))
                0x030052e0                __iwram_overlay_end = .
                0x0801956c                __ewram_lma = (__iwram_overlay_lma + (__iwram_overlay_end - __iwram_overlay_start))
                0x030052e0                __iheap_start = .
                0x02000000                __ewram_start = ORIGIN (ewram)

.ewram          0x02000000       0x14 load address 0x0801956c
 *(.ewram)
 .ewram         0x02000000       0x14 tonclib/lib\libtonc.a(tonc_sbmp16.o)
                0x02000000                m5_surface
                0x02000014                . = ALIGN (0x4)
                0x02000014                __ewram_end = ABSOLUTE (.)
                0x08019580                __pad_lma = (__ewram_lma + SIZEOF (.ewram))

.sbss           0x02000014        0x0
                0x02000014                __sbss_start__ = ABSOLUTE (.)
 *(.sbss)
                0x02000014                . = ALIGN (0x4)
                0x02000014                __sbss_end__ = ABSOLUTE (.)
                0x02000014                __end__ = ABSOLUTE (.)
                0x02000014                __eheap_start = ABSOLUTE (.)

.pad            0x02000014        0x8 load address 0x08019580
                0x02000014        0x4 LONG 0x52416b64
                0x02000018        0x4 LONG 0x4d
                0x0200001c                . = ALIGN (0x4)
                0x08019588                __rom_end__ = (__pad_lma + SIZEOF (.pad))

.stab
 *(.stab)

.stabstr
 *(.stabstr)

.stab.excl
 *(.stab.excl)

.stab.exclstr
 *(.stab.exclstr)

.stab.index
 *(.stab.index)

.stab.indexstr
 *(.stab.indexstr)

.comment        0x00000000       0x44
 *(.comment)
 .comment       0x00000000       0x22 c:/devkitpro/devkitarm/bin/../lib/gcc/arm-none-eabi/4.9.2/thumb/crtbegin.o
                                 0x23 (size before relaxing)
 .comment       0x00000022       0x23 hello.o
 .comment       0x00000022       0x22 Background.o
                                 0x23 (size before relaxing)
 .comment       0x00000044       0x23 SpriteSheet.o
 .comment       0x00000044       0x23 tonclib/lib\libtonc.a(tonc_input.o)
 .comment       0x00000044       0x23 tonclib/lib\libtonc.a(tonc_oam.o)
 .comment       0x00000044       0x23 tonclib/lib\libtonc.a(tte_init_se.o)
 .comment       0x00000044       0x23 tonclib/lib\libtonc.a(tte_main.o)
 .comment       0x00000044       0x23 tonclib/lib\libtonc.a(tonc_surface.o)
 .comment       0x00000044       0x23 tonclib/lib\libtonc.a(se_drawg.o)
 .comment       0x00000044       0x23 tonclib/lib\libtonc.a(tonc_sbmp16.o)
 .comment       0x00000044       0x23 c:/devkitpro/devkitarm/bin/../lib/gcc/arm-none-eabi/4.9.2/../../../../arm-none-eabi/lib/thumb\libc.a(lib_a-ctype_.o)
 .comment       0x00000044       0x23 c:/devkitpro/devkitarm/bin/../lib/gcc/arm-none-eabi/4.9.2/../../../../arm-none-eabi/lib/thumb\libc.a(lib_a-init.o)
 .comment       0x00000044       0x23 c:/devkitpro/devkitarm/bin/../lib/gcc/arm-none-eabi/4.9.2/../../../../arm-none-eabi/lib/thumb\libc.a(lib_a-memcpy.o)
 .comment       0x00000044       0x23 c:/devkitpro/devkitarm/bin/../lib/gcc/arm-none-eabi/4.9.2/../../../../arm-none-eabi/lib/thumb\libc.a(lib_a-memset.o)
 .comment       0x00000044       0x23 c:/devkitpro/devkitarm/bin/../lib/gcc/arm-none-eabi/4.9.2/../../../../arm-none-eabi/lib/thumb\libc.a(lib_a-rand.o)
 .comment       0x00000044       0x23 c:/devkitpro/devkitarm/bin/../lib/gcc/arm-none-eabi/4.9.2/../../../../arm-none-eabi/lib/thumb\libc.a(lib_a-sprintf.o)
 .comment       0x00000044       0x23 c:/devkitpro/devkitarm/bin/../lib/gcc/arm-none-eabi/4.9.2/../../../../arm-none-eabi/lib/thumb\libc.a(lib_a-strtol.o)
 .comment       0x00000044       0x23 c:/devkitpro/devkitarm/bin/../lib/gcc/arm-none-eabi/4.9.2/../../../../arm-none-eabi/lib/thumb\libc.a(lib_a-svfprintf.o)
 .comment       0x00000044       0x23 c:/devkitpro/devkitarm/bin/../lib/gcc/arm-none-eabi/4.9.2/../../../../arm-none-eabi/lib/thumb\libc.a(lib_a-time.o)
 .comment       0x00000044       0x23 c:/devkitpro/devkitarm/bin/../lib/gcc/arm-none-eabi/4.9.2/../../../../arm-none-eabi/lib/thumb\libc.a(lib_a-wcrtomb.o)
 .comment       0x00000044       0x23 c:/devkitpro/devkitarm/bin/../lib/gcc/arm-none-eabi/4.9.2/../../../../arm-none-eabi/lib/thumb\libc.a(lib_a-wcsrtombs.o)
 .comment       0x00000044       0x23 c:/devkitpro/devkitarm/bin/../lib/gcc/arm-none-eabi/4.9.2/../../../../arm-none-eabi/lib/thumb\libc.a(lib_a-wctomb_r.o)
 .comment       0x00000044       0x23 c:/devkitpro/devkitarm/bin/../lib/gcc/arm-none-eabi/4.9.2/../../../../arm-none-eabi/lib/thumb\libc.a(lib_a-dtoa.o)
 .comment       0x00000044       0x23 c:/devkitpro/devkitarm/bin/../lib/gcc/arm-none-eabi/4.9.2/../../../../arm-none-eabi/lib/thumb\libc.a(lib_a-freer.o)
 .comment       0x00000044       0x23 c:/devkitpro/devkitarm/bin/../lib/gcc/arm-none-eabi/4.9.2/../../../../arm-none-eabi/lib/thumb\libc.a(lib_a-locale.o)